 test_libisssr_win32

 Timestamp is 59a5171e (Tue Aug 29 15:26:22 2017)

 Preferred load address is 00400000

 Start         Length     Name                   Class
 0001:00000000 00014dd8H .text                   CODE
 0001:00014de0 0000148fH .text$x                 CODE
 0002:00000000 00000360H .idata$5                DATA
 0002:00000360 00000004H .CRT$XCA                DATA
 0002:00000364 00000004H .CRT$XCAA               DATA
 0002:00000368 00000004H .CRT$XCZ                DATA
 0002:0000036c 00000004H .CRT$XIA                DATA
 0002:00000370 00000004H .CRT$XIAA               DATA
 0002:00000374 00000004H .CRT$XIY                DATA
 0002:00000378 00000004H .CRT$XIZ                DATA
 0002:00000380 00001590H .rdata                  DATA
 0002:00001910 00000098H .rdata$debug            DATA
 0002:000019a8 00000264H .rdata$r                DATA
 0002:00001c10 00000170H .rdata$sxdata           DATA
 0002:00001d80 00000004H .rtc$IAA                DATA
 0002:00001d84 00000004H .rtc$IZZ                DATA
 0002:00001d88 00000004H .rtc$TAA                DATA
 0002:00001d8c 00000004H .rtc$TZZ                DATA
 0002:00001d90 00001c2cH .xdata$x                DATA
 0002:000039bc 0000008cH .idata$2                DATA
 0002:00003a48 00000014H .idata$3                DATA
 0002:00003a5c 00000360H .idata$4                DATA
 0002:00003dbc 00002064H .idata$6                DATA
 0002:00005e20 00000000H .edata                  DATA
 0003:00000000 00029ab0H .data                   DATA
 0003:00029ab0 00000384H .bss                    DATA

  Address         Publics by Value              Rva+Base       Lib:Object

 0000:0000005c       ___safe_se_handler_count   0000005c     <absolute>
 0000:00000000       ___ImageBase               00400000     <linker-defined>
 0001:00000000       ?OpenDevice@CRecord@@QAEIPBUtWAVEFORMATEX@@@Z 00401000 f   Record.obj
 0001:00000250       ?CloseDevice@CRecord@@QAEIXZ 00401250 f   Record.obj
 0001:000002d0       ?StartRecord@CRecord@@QAEIXZ 004012d0 f   Record.obj
 0001:00000320       ?StopRecord@CRecord@@QAEIXZ 00401320 f   Record.obj
 0001:00000370       ?Uninitialize@CRecord@@AAEXXZ 00401370 f   Record.obj
 0001:000003c0       ??0CRecord@@QAE@XZ         004013c0 f   Record.obj
 0001:00000410       ?OnRecordHandle@CRecord@@MAEXPADK@Z 00401410 f   Record.obj
 0001:00000430       ?ThreadProc@CRecord@@MAEKXZ 00401430 f   Record.obj
 0001:00000520       ?OnEndRecord@@YAXXZ        00401520 f   test_libisssr_win32.obj
 0001:00000550       ?g_Proc_OnMsgProc@@YAXPBXII0@Z 00401550 f   test_libisssr_win32.obj
 0001:00000b90       ?LoadRes_char@@YAHPBDPAPADPAH@Z 00401b90 f   test_libisssr_win32.obj
 0001:00000d60       _wmain                     00401d60 f   test_libisssr_win32.obj
 0001:000019f0       ??0Recorder@@QAE@XZ        004029f0 f i test_libisssr_win32.obj
 0001:00001a30       ?OnRecordHandle@Recorder@@UAEXPADK@Z 00402a30 f i test_libisssr_win32.obj
 0001:00001af0       ??0CThread@@IAE@XZ         00402af0 f   Thread.obj
 0001:00001b30       ?SetThreadPriority@CThread@@IAEHH@Z 00402b30 f   Thread.obj
 0001:00001b60       ?GetThreadPriority@CThread@@IBEHXZ 00402b60 f   Thread.obj
 0001:00001b80       ?SuspendThread@CThread@@IAEKXZ 00402b80 f   Thread.obj
 0001:00001ba0       ?ResumeThread@CThread@@IAEKXZ 00402ba0 f   Thread.obj
 0001:00001bc0       ?StartThread@CThread@@IAEHXZ 00402bc0 f   Thread.obj
 0001:00001c10       ?ThreadProcS@CThread@@KGKPAX@Z 00402c10 f   Thread.obj
 0001:00001c3e       _PostQuitMessage@4         00402c3e f   user32:USER32.dll
 0001:00001c44       _GetMessageW@16            00402c44 f   user32:USER32.dll
 0001:00001c4a       _ISSSRUpLoadDict@12        00402c4a f   libisssr:libisssr.dll
 0001:00001c50       _ISSSRDestroy@4            00402c50 f   libisssr:libisssr.dll
 0001:00001c56       _ISSSRLocalNli@16          00402c56 f   libisssr:libisssr.dll
 0001:00001c5c       _ISSSRStop@4               00402c5c f   libisssr:libisssr.dll
 0001:00001c62       _ISSSREndAudioData@4       00402c62 f   libisssr:libisssr.dll
 0001:00001c68       _ISSSRStart@16             00402c68 f   libisssr:libisssr.dll
 0001:00001c6e       _ISSSRSetParam@12          00402c6e f   libisssr:libisssr.dll
 0001:00001c74       _ISSSRCreateEx@20          00402c74 f   libisssr:libisssr.dll
 0001:00001c7a       _ISSSRAppendAudioData@16   00402c7a f   libisssr:libisssr.dll
 0001:00001c80       ?ConvertUTF32toUTF16@VA@@YA?AW4ConversionResult@1@PBK0PA_W1W4ConversionFlags@1@@Z 00402c80 f   vacommon:VAString.obj
 0001:00001dd0       ?ConvertUTF16toUTF32@VA@@YA?AW4ConversionResult@1@PB_W0PAK1W4ConversionFlags@1@@Z 00402dd0 f   vacommon:VAString.obj
 0001:00001f00       ?ConvertUTF16toUTF8@VA@@YA?AW4ConversionResult@1@PB_W0PAD1W4ConversionFlags@1@@Z 00402f00 f   vacommon:VAString.obj
 0001:00002180       ?ConvertUTF32toUTF8@VA@@YA?AW4ConversionResult@1@PBK0PAD1W4ConversionFlags@1@@Z 00403180 f   vacommon:VAString.obj
 0001:00002370       ?isLegalUTF8Sequence@VA@@YA_NPBE0@Z 00403370 f   vacommon:VAString.obj
 0001:00002580       ?getNumBytesForUTF8@VA@@YAIE@Z 00403580 f   vacommon:VAString.obj
 0001:000025a0       ?isLegalUTF8String@VA@@YA_NPBE0@Z 004035a0 f   vacommon:VAString.obj
 0001:00002610       ?ConvertUTF8toUTF16@VA@@YA?AW4ConversionResult@1@PBD0PA_W1W4ConversionFlags@1@@Z 00403610 f   vacommon:VAString.obj
 0001:000028d0       ?ConvertUTF8toUTF32@VA@@YA?AW4ConversionResult@1@PBD0PAK1W4ConversionFlags@1@@Z 004038d0 f   vacommon:VAString.obj
 0001:00002af0       ?TrimLeft@VA@@YA?AV?$basic_string@DU?$char_traits@D@std@@V?$allocator@D@2@@std@@ABV23@@Z 00403af0 f   vacommon:VAString.obj
 0001:00002c00       ?TrimRight@VA@@YA?AV?$basic_string@DU?$char_traits@D@std@@V?$allocator@D@2@@std@@ABV23@@Z 00403c00 f   vacommon:VAString.obj
 0001:00002d20       ?Trim@VA@@YA?AV?$basic_string@DU?$char_traits@D@std@@V?$allocator@D@2@@std@@ABV23@@Z 00403d20 f   vacommon:VAString.obj
 0001:00002ec0       ?strlen_utf8@VA@@YAIPBD@Z  00403ec0 f   vacommon:VAString.obj
 0001:00002f20       ?split@VA@@YAAAV?$vector@V?$basic_string@DU?$char_traits@D@std@@V?$allocator@D@2@@std@@V?$allocator@V?$basic_string@DU?$char_traits@D@std@@V?$allocator@D@2@@std@@@2@@std@@ABV?$basic_string@DU?$char_traits@D@std@@V?$allocator@D@2@@3@DAAV23@@Z 00403f20 f   vacommon:VAString.obj
 0001:00003020       ?split@VA@@YA?AV?$vector@V?$basic_string@DU?$char_traits@D@std@@V?$allocator@D@2@@std@@V?$allocator@V?$basic_string@DU?$char_traits@D@std@@V?$allocator@D@2@@std@@@2@@std@@ABV?$basic_string@DU?$char_traits@D@std@@V?$allocator@D@2@@3@D@Z 00404020 f   vacommon:VAString.obj
 0001:000030b0       ?stringFormatV@VA@@YAXAAV?$basic_string@DU?$char_traits@D@std@@V?$allocator@D@2@@std@@PBDPAD@Z 004040b0 f   vacommon:VAString.obj
 0001:00003120       ?StringCchVPrintfA@@YGJPADIPBD0@Z 00404120 f i vacommon:VAString.obj
 0001:00003300       ?stringFormat@VA@@YAXAAV?$basic_string@DU?$char_traits@D@std@@V?$allocator@D@2@@std@@PBDZZ 00404300 f   vacommon:VAString.obj
 0001:00003340       ?stringFormatAppendV@VA@@YAXAAV?$basic_string@DU?$char_traits@D@std@@V?$allocator@D@2@@std@@PBDPAD@Z 00404340 f   vacommon:VAString.obj
 0001:00003410       ?stringFormatAppend@VA@@YAXAAV?$basic_string@DU?$char_traits@D@std@@V?$allocator@D@2@@std@@PBDZZ 00404410 f   vacommon:VAString.obj
 0001:00003450       ?wstringFormatV@VA@@YAXAAV?$basic_string@_WU?$char_traits@_W@std@@V?$allocator@_W@2@@std@@PB_WPAD@Z 00404450 f   vacommon:VAString.obj
 0001:000034c0       ?StringCchVPrintfW@@YGJPA_WIPB_WPAD@Z 004044c0 f i vacommon:VAString.obj
 0001:000036b0       ?wstringFormat@VA@@YAXAAV?$basic_string@_WU?$char_traits@_W@std@@V?$allocator@_W@2@@std@@PB_WZZ 004046b0 f   vacommon:VAString.obj
 0001:000036f0       ?wstringFormatAppendV@VA@@YAXAAV?$basic_string@_WU?$char_traits@_W@std@@V?$allocator@_W@2@@std@@PB_WPAD@Z 004046f0 f   vacommon:VAString.obj
 0001:000037c0       ?wstringFormatAppend@VA@@YAXAAV?$basic_string@_WU?$char_traits@_W@std@@V?$allocator@_W@2@@std@@PB_WZZ 004047c0 f   vacommon:VAString.obj
 0001:00003800       ?U16CharToU8Char@VA@@YAI_WPAD@Z 00404800 f   vacommon:VAString.obj
 0001:00003920       ?U8CharToU16Char@VA@@YAIPBDAA_W@Z 00404920 f   vacommon:VAString.obj
 0001:00003bd0       ?U32CharToU8Char@VA@@YAIKPAD@Z 00404bd0 f   vacommon:VAString.obj
 0001:00003d60       ?U8CharToU32Char@VA@@YAIPBDAAK@Z 00404d60 f   vacommon:VAString.obj
 0001:00004120       ?U32CharToU16Char@VA@@YAIKPA_W@Z 00405120 f   vacommon:VAString.obj
 0001:000041a0       ?U16CharToU32Char@VA@@YAIPB_WAAK@Z 004051a0 f   vacommon:VAString.obj
 0001:00004250       ?IsGBKChar@VA@@YAHG@Z      00405250 f   vacommon:VAString.obj
 0001:000042e0       ?IsUTF16Char@VA@@YAH_W@Z   004052e0 f   vacommon:VAString.obj
 0001:00004370       ?U16CharToGBKChar@VA@@YAI_WPAD@Z 00405370 f   vacommon:VAString.obj
 0001:000043f0       ?GBKCharToU16Char@VA@@YAIPBDAA_W@Z 004053f0 f   vacommon:VAString.obj
 0001:00004470       ??0U16StrToU8Str@VA@@QAE@PB_W@Z 00405470 f   vacommon:VAString.obj
 0001:00004520       ??0U8StrToU16Str@VA@@QAE@PBD@Z 00405520 f   vacommon:VAString.obj
 0001:000045e0       ??0U32StrToU8Str@VA@@QAE@PBK@Z 004055e0 f   vacommon:VAString.obj
 0001:00004690       ??1U16StrToU8Str@VA@@QAE@XZ 00405690 f   vacommon:VAString.obj
 0001:00004690       ??1U16StrToU32Str@VA@@QAE@XZ 00405690 f   vacommon:VAString.obj
 0001:00004690       ??1GBKStrToU16Str@VA@@QAE@XZ 00405690 f   vacommon:VAString.obj
 0001:00004690       ??1U32StrToU8Str@VA@@QAE@XZ 00405690 f   vacommon:VAString.obj
 0001:00004690       ??1U8StrToGBKStr@VA@@QAE@XZ 00405690 f   vacommon:VAString.obj
 0001:00004690       ??1U16StrToGBKStr@VA@@QAE@XZ 00405690 f   vacommon:VAString.obj
 0001:00004690       ??1U8StrToU16Str@VA@@QAE@XZ 00405690 f   vacommon:VAString.obj
 0001:00004690       ??1U8StrToU32Str@VA@@QAE@XZ 00405690 f   vacommon:VAString.obj
 0001:00004690       ??1GBKStrToU8Str@VA@@QAE@XZ 00405690 f   vacommon:VAString.obj
 0001:00004690       ??1U32StrToU16Str@VA@@QAE@XZ 00405690 f   vacommon:VAString.obj
 0001:000046c0       ??0U8StrToU32Str@VA@@QAE@PBD@Z 004056c0 f   vacommon:VAString.obj
 0001:00004790       ??0U32StrToU16Str@VA@@QAE@PBK@Z 00405790 f   vacommon:VAString.obj
 0001:00004850       ??0U16StrToU32Str@VA@@QAE@PB_W@Z 00405850 f   vacommon:VAString.obj
 0001:00004910       ??0GBKStrToU8Str@VA@@QAE@PBD@Z 00405910 f   vacommon:VAString.obj
 0001:00004a90       ??0GBKStrToU16Str@VA@@QAE@PBD@Z 00405a90 f   vacommon:VAString.obj
 0001:00004b70       ??0U8StrToGBKStr@VA@@QAE@PBD@Z 00405b70 f   vacommon:VAString.obj
 0001:00004cd0       ??0U16StrToGBKStr@VA@@QAE@PB_W@Z 00405cd0 f   vacommon:VAString.obj
 0001:00004d90       ?__StrRStr@U8String@VA@@ABEPADPBD0@Z 00405d90 f   vacommon:VAString.obj
 0001:00004e00       ?__Reverse@U8String@VA@@AAEDD@Z 00405e00 f   vacommon:VAString.obj
 0001:00004e60       ?__ConcatCopy@U8String@VA@@AAEXPBDI0I@Z 00405e60 f   vacommon:VAString.obj
 0001:00005000       ?StringCchCopyNA@@YGJPADIPBDI@Z 00406000 f i vacommon:VAString.obj
 0001:00005070       ?StringCchCatNA@@YGJPADIPBDI@Z 00406070 f i vacommon:VAString.obj
 0001:00005190       ??0U8String@VA@@QAE@ABV01@@Z 00406190 f   vacommon:VAString.obj
 0001:000052f0       ??0U8String@VA@@QAE@DI@Z   004062f0 f   vacommon:VAString.obj
 0001:00005450       ??0U8String@VA@@QAE@PBDI@Z 00406450 f   vacommon:VAString.obj
 0001:000055c0       ??0U8String@VA@@QAE@ABV?$basic_string@DU?$char_traits@D@std@@V?$allocator@D@2@@std@@@Z 004065c0 f   vacommon:VAString.obj
 0001:00005710       ??0U8String@VA@@QAE@ABVU16String@1@@Z 00406710 f   vacommon:VAString.obj
 0001:00005750       ??0U8String@VA@@QAE@PB_W@Z 00406750 f   vacommon:VAString.obj
 0001:00005790       ??4U8String@VA@@QAEABV01@ABV01@@Z 00406790 f   vacommon:VAString.obj
 0001:00005900       ??4U8String@VA@@QAEABV01@D@Z 00406900 f   vacommon:VAString.obj
 0001:00005a40       ??4U8String@VA@@QAEABV01@PBD@Z 00406a40 f   vacommon:VAString.obj
 0001:00005bb0       ??4U8String@VA@@QAEABV01@ABVU16String@1@@Z 00406bb0 f   vacommon:VAString.obj
 0001:00005be0       ??4U8String@VA@@QAEABV01@PB_W@Z 00406be0 f   vacommon:VAString.obj
 0001:00005c10       ??4U8String@VA@@QAEABV01@ABV?$basic_string@DU?$char_traits@D@std@@V?$allocator@D@2@@std@@@Z 00406c10 f   vacommon:VAString.obj
 0001:00005d80       ??YU8String@VA@@QAEABV01@ABV01@@Z 00406d80 f   vacommon:VAString.obj
 0001:00006030       ??YU8String@VA@@QAEABV01@D@Z 00407030 f   vacommon:VAString.obj
 0001:000062b0       ??YU8String@VA@@QAEABV01@PBD@Z 004072b0 f   vacommon:VAString.obj
 0001:00006570       ??AU8String@VA@@QBEDI@Z    00407570 f   vacommon:VAString.obj
 0001:00006570       ?GetAt@U8String@VA@@QBEDH@Z 00407570 f   vacommon:VAString.obj
 0001:00006590       ??AU8String@VA@@QAEAADI@Z  00407590 f   vacommon:VAString.obj
 0001:000065b0       ??1U8String@VA@@QAE@XZ     004075b0 f   vacommon:VAString.obj
 0001:000065b0       ?Empty@U8String@VA@@QAEXXZ 004075b0 f   vacommon:VAString.obj
 0001:00006610       ?Compare@U8String@VA@@QBEHPBD@Z 00407610 f   vacommon:VAString.obj
 0001:00006640       ?CompareNoCase@U8String@VA@@QBEHPBD@Z 00407640 f   vacommon:VAString.obj
 0001:00006670       ?Delete@U8String@VA@@QAEIII@Z 00407670 f   vacommon:VAString.obj
 0001:000066f0       ?Find@U8String@VA@@QBEHD@Z 004076f0 f   vacommon:VAString.obj
 0001:00006720       ?Find@U8String@VA@@QBEHPBD@Z 00407720 f   vacommon:VAString.obj
 0001:00006750       ?Find@U8String@VA@@QBEHDH@Z 00407750 f   vacommon:VAString.obj
 0001:000067c0       ?strchr@@YAPADPADH@Z       004077c0 f i vacommon:VAString.obj
 0001:000067f0       ?Find@U8String@VA@@QBEHPBDH@Z 004077f0 f   vacommon:VAString.obj
 0001:00006860       ?strstr@@YAPADPADPBD@Z     00407860 f i vacommon:VAString.obj
 0001:00006890       ?FindOneOf@U8String@VA@@QBEHPBD@Z 00407890 f   vacommon:VAString.obj
 0001:000068c0       ?FindOneOf@U8String@VA@@QBEHPBDH@Z 004078c0 f   vacommon:VAString.obj
 0001:00006930       ?strpbrk@@YAPADPADPBD@Z    00407930 f i vacommon:VAString.obj
 0001:00006960       ?Format@U8String@VA@@QAAXPBDZZ 00407960 f   vacommon:VAString.obj
 0001:00006990       ?FormatV@U8String@VA@@QAEXPBDPAD@Z 00407990 f   vacommon:VAString.obj
 0001:00006b10       ?Insert@U8String@VA@@QAEIID@Z 00407b10 f   vacommon:VAString.obj
 0001:00006c90       ?Insert@U8String@VA@@QAEIIPBD@Z 00407c90 f   vacommon:VAString.obj
 0001:00006e40       ?IsNull@U8String@VA@@QBE_NXZ 00407e40 f   vacommon:VAString.obj
 0001:00006e40       ?IsNull@U16String@VA@@QBE_NXZ 00407e40 f   vacommon:VAString.obj
 0001:00006e60       ??BU16String@VA@@QBE_NXZ   00407e60 f   vacommon:VAString.obj
 0001:00006e60       ??BU8String@VA@@QBE_NXZ    00407e60 f   vacommon:VAString.obj
 0001:00006e60       ?_Has_container@_Iterator_base_aux@std@@QBE_NXZ 00407e60 f   vacommon:VAString.obj
 0001:00006e60       ?_Has_container@_Iterator_base_secure@std@@QBE_NXZ 00407e60 f   vacommon:Manip.obj
 0001:00006e80       ?Left@U8String@VA@@QBE?AV12@H@Z 00407e80 f   vacommon:VAString.obj
 0001:00006ec0       ?MakeLower@U8String@VA@@QAEXXZ 00407ec0 f   vacommon:VAString.obj
 0001:00006f20       ?MakeReverse@U8String@VA@@QAEXXZ 00407f20 f   vacommon:VAString.obj
 0001:00006f80       ?MakeUpper@U8String@VA@@QAEXXZ 00407f80 f   vacommon:VAString.obj
 0001:00006fe0       ?Mid@U8String@VA@@QBE?AV12@I@Z 00407fe0 f   vacommon:VAString.obj
 0001:00007030       ?Mid@U8String@VA@@QBE?AV12@II@Z 00408030 f   vacommon:VAString.obj
 0001:000070c0       ?Remove@U8String@VA@@QAEID@Z 004080c0 f   vacommon:VAString.obj
 0001:00007120       ?Replace@U8String@VA@@QAEIDD@Z 00408120 f   vacommon:VAString.obj
 0001:00007170       ?ReverseFind@U8String@VA@@QBEHD@Z 00408170 f   vacommon:VAString.obj
 0001:000071a0       ?ReverseFind@U8String@VA@@QBEHPBD@Z 004081a0 f   vacommon:VAString.obj
 0001:000071d0       ?ReverseFind@U8String@VA@@QBEHDI@Z 004081d0 f   vacommon:VAString.obj
 0001:00007240       ?strrchr@@YAPADPADH@Z      00408240 f i vacommon:VAString.obj
 0001:00007270       ?ReverseFind@U8String@VA@@QBEHPBDI@Z 00408270 f   vacommon:VAString.obj
 0001:000072e0       ?Right@U8String@VA@@QBE?AV12@H@Z 004082e0 f   vacommon:VAString.obj
 0001:00007330       ?SetAt@U8String@VA@@QBEXID@Z 00408330 f   vacommon:VAString.obj
 0001:00007360       ?TrimLeft@U8String@VA@@QAEXXZ 00408360 f   vacommon:VAString.obj
 0001:00007400       ?TrimLeft@U8String@VA@@QAEXD@Z 00408400 f   vacommon:VAString.obj
 0001:000074a0       ?TrimLeft@U8String@VA@@QAEXPBD@Z 004084a0 f   vacommon:VAString.obj
 0001:00007550       ?TrimRight@U8String@VA@@QAEXXZ 00408550 f   vacommon:VAString.obj
 0001:000075f0       ?TrimRight@U8String@VA@@QAEXD@Z 004085f0 f   vacommon:VAString.obj
 0001:00007690       ?TrimRight@U8String@VA@@QAEXPBD@Z 00408690 f   vacommon:VAString.obj
 0001:00007750       ??8VA@@YA_NABVU8String@0@0@Z 00408750 f   vacommon:VAString.obj
 0001:00007780       ??8VA@@YA_NABVU8String@0@PBD@Z 00408780 f   vacommon:VAString.obj
 0001:000077b0       ??8VA@@YA_NPBDABVU8String@0@@Z 004087b0 f   vacommon:VAString.obj
 0001:000077e0       ??9VA@@YA_NABVU8String@0@0@Z 004087e0 f   vacommon:VAString.obj
 0001:00007810       ??9VA@@YA_NABVU8String@0@PBD@Z 00408810 f   vacommon:VAString.obj
 0001:00007840       ??9VA@@YA_NPBDABVU8String@0@@Z 00408840 f   vacommon:VAString.obj
 0001:00007870       ??MVA@@YA_NABVU8String@0@0@Z 00408870 f   vacommon:VAString.obj
 0001:000078a0       ??MVA@@YA_NABVU8String@0@PBD@Z 004088a0 f   vacommon:VAString.obj
 0001:000078d0       ??MVA@@YA_NPBDABVU8String@0@@Z 004088d0 f   vacommon:VAString.obj
 0001:00007900       ??OVA@@YA_NABVU8String@0@0@Z 00408900 f   vacommon:VAString.obj
 0001:00007930       ??OVA@@YA_NABVU8String@0@PBD@Z 00408930 f   vacommon:VAString.obj
 0001:00007960       ??OVA@@YA_NPBDABVU8String@0@@Z 00408960 f   vacommon:VAString.obj
 0001:00007990       ??NVA@@YA_NABVU8String@0@0@Z 00408990 f   vacommon:VAString.obj
 0001:000079c0       ??NVA@@YA_NABVU8String@0@PBD@Z 004089c0 f   vacommon:VAString.obj
 0001:000079f0       ??NVA@@YA_NPBDABVU8String@0@@Z 004089f0 f   vacommon:VAString.obj
 0001:00007a20       ??PVA@@YA_NABVU8String@0@0@Z 00408a20 f   vacommon:VAString.obj
 0001:00007a50       ??PVA@@YA_NABVU8String@0@PBD@Z 00408a50 f   vacommon:VAString.obj
 0001:00007a80       ??PVA@@YA_NPBDABVU8String@0@@Z 00408a80 f   vacommon:VAString.obj
 0001:00007ab0       ??HVA@@YA?AVU8String@0@ABV10@0@Z 00408ab0 f   vacommon:VAString.obj
 0001:00007b60       ??HVA@@YA?AVU8String@0@ABV10@D@Z 00408b60 f   vacommon:VAString.obj
 0001:00007c10       ??HVA@@YA?AVU8String@0@DABV10@@Z 00408c10 f   vacommon:VAString.obj
 0001:00007cc0       ??HVA@@YA?AVU8String@0@ABV10@PBD@Z 00408cc0 f   vacommon:VAString.obj
 0001:00007d70       ??HVA@@YA?AVU8String@0@PBDABV10@@Z 00408d70 f   vacommon:VAString.obj
 0001:00007e20       ?fromU16String@U8String@VA@@QAEXABVU16String@2@@Z 00408e20 f   vacommon:VAString.obj
 0001:00007fc0       ?fromU16String@U8String@VA@@QAEXPB_W@Z 00408fc0 f   vacommon:VAString.obj
 0001:00008160       ?__StrLen@U16String@VA@@ABEIPB_W@Z 00409160 f   vacommon:VAString.obj
 0001:00008190       ?__StrNCpy@U16String@VA@@ABEPA_WPA_WPB_WI@Z 00409190 f   vacommon:VAString.obj
 0001:000081c0       ?StringCchCopyNW@@YGJPA_WIPB_WI@Z 004091c0 f i vacommon:VAString.obj
 0001:000082e0       ?__StrCmp@U16String@VA@@ABEHPB_W0@Z 004092e0 f   vacommon:VAString.obj
 0001:00008310       ?__StrNoCaseCmp@U16String@VA@@ABEHPB_W0@Z 00409310 f   vacommon:VAString.obj
 0001:00008340       ?__StrChr@U16String@VA@@ABEPB_WPB_W_W@Z 00409340 f   vacommon:VAString.obj
 0001:00008370       ?__StrRChr@U16String@VA@@ABEPA_WPA_W_W@Z 00409370 f   vacommon:VAString.obj
 0001:000083a0       ?wcsrchr@@YAPA_WPA_W_W@Z   004093a0 f i vacommon:VAString.obj
 0001:000083d0       ?__StrStr@U16String@VA@@ABEPB_WPB_W0@Z 004093d0 f   vacommon:VAString.obj
 0001:00008400       ?__StrRStr@U16String@VA@@ABEPB_WPB_W0@Z 00409400 f   vacommon:VAString.obj
 0001:00008470       ?__StrPbrk@U16String@VA@@ABEPA_WPA_WPB_W@Z 00409470 f   vacommon:VAString.obj
 0001:000084a0       ?wcspbrk@@YAPA_WPA_WPB_W@Z 004094a0 f i vacommon:VAString.obj
 0001:000084d0       ?__ToLower@U16String@VA@@AAE_W_W@Z 004094d0 f   vacommon:VAString.obj
 0001:00008500       ?__ToUpper@U16String@VA@@AAE_W_W@Z 00409500 f   vacommon:VAString.obj
 0001:00008530       ?__Reverse@U16String@VA@@AAE_W_W@Z 00409530 f   vacommon:VAString.obj
 0001:00008590       ?__ConcatCopy@U16String@VA@@AAEXPB_WI0I@Z 00409590 f   vacommon:VAString.obj
 0001:00008730       ??0U16String@VA@@QAE@ABV01@@Z 00409730 f   vacommon:VAString.obj
 0001:000088a0       ??0U16String@VA@@QAE@_WI@Z 004098a0 f   vacommon:VAString.obj
 0001:00008a10       ??0U16String@VA@@QAE@PB_WI@Z 00409a10 f   vacommon:VAString.obj
 0001:00008b90       ??4U16String@VA@@QAEABV01@ABV01@@Z 00409b90 f   vacommon:VAString.obj
 0001:00008d10       ??4U16String@VA@@QAEABV01@_W@Z 00409d10 f   vacommon:VAString.obj
 0001:00008e50       ??4U16String@VA@@QAEABV01@PB_W@Z 00409e50 f   vacommon:VAString.obj
 0001:00008fd0       ??YU16String@VA@@QAEABV01@ABV01@@Z 00409fd0 f   vacommon:VAString.obj
 0001:000092a0       ??YU16String@VA@@QAEABV01@_W@Z 0040a2a0 f   vacommon:VAString.obj
 0001:00009540       ??YU16String@VA@@QAEABV01@PB_W@Z 0040a540 f   vacommon:VAString.obj
 0001:00009820       ??AU16String@VA@@QAEAA_WI@Z 0040a820 f   vacommon:VAString.obj
 0001:00009840       ?Empty@U16String@VA@@QAEXXZ 0040a840 f   vacommon:VAString.obj
 0001:00009840       ??1U16String@VA@@QAE@XZ    0040a840 f   vacommon:VAString.obj
 0001:000098a0       ?Compare@U16String@VA@@QBEHPB_W@Z 0040a8a0 f   vacommon:VAString.obj
 0001:000098d0       ?CompareNoCase@U16String@VA@@QBEHPB_W@Z 0040a8d0 f   vacommon:VAString.obj
 0001:00009900       ?Delete@U16String@VA@@QAEIHH@Z 0040a900 f   vacommon:VAString.obj
 0001:00009990       ?Find@U16String@VA@@QBEH_W@Z 0040a990 f   vacommon:VAString.obj
 0001:000099c0       ?Find@U16String@VA@@QBEHPB_W@Z 0040a9c0 f   vacommon:VAString.obj
 0001:000099f0       ?Find@U16String@VA@@QBEH_WH@Z 0040a9f0 f   vacommon:VAString.obj
 0001:00009a60       ?Find@U16String@VA@@QBEHPB_WH@Z 0040aa60 f   vacommon:VAString.obj
 0001:00009ad0       ?FindOneOf@U16String@VA@@QBEHPB_W@Z 0040aad0 f   vacommon:VAString.obj
 0001:00009b00       ?FindOneOf@U16String@VA@@QBEHPB_WH@Z 0040ab00 f   vacommon:VAString.obj
 0001:00009b70       ?Format@U16String@VA@@QAAXPB_WZZ 0040ab70 f   vacommon:VAString.obj
 0001:00009ba0       ?FormatV@U16String@VA@@QAEXPB_WPAD@Z 0040aba0 f   vacommon:VAString.obj
 0001:00009d30       ??AU16String@VA@@QBE_WI@Z  0040ad30 f   vacommon:VAString.obj
 0001:00009d30       ?GetAt@U16String@VA@@QBE_WH@Z 0040ad30 f   vacommon:VAString.obj
 0001:00009d60       ?Insert@U16String@VA@@QAEII_W@Z 0040ad60 f   vacommon:VAString.obj
 0001:00009ef0       ?Insert@U16String@VA@@QAEIIPB_W@Z 0040aef0 f   vacommon:VAString.obj
 0001:0000a0b0       ?IsEmpty@U8String@VA@@QBE_NXZ 0040b0b0 f   vacommon:VAString.obj
 0001:0000a0b0       ?IsEmpty@U16String@VA@@QBE_NXZ 0040b0b0 f   vacommon:VAString.obj
 0001:0000a0e0       ?Left@U16String@VA@@QBE?AV12@H@Z 0040b0e0 f   vacommon:VAString.obj
 0001:0000a120       ?MakeLower@U16String@VA@@QAEXXZ 0040b120 f   vacommon:VAString.obj
 0001:0000a180       ?MakeReverse@U16String@VA@@QAEXXZ 0040b180 f   vacommon:VAString.obj
 0001:0000a1e0       ?MakeUpper@U16String@VA@@QAEXXZ 0040b1e0 f   vacommon:VAString.obj
 0001:0000a240       ?Mid@U16String@VA@@QBE?AV12@I@Z 0040b240 f   vacommon:VAString.obj
 0001:0000a290       ?Mid@U16String@VA@@QBE?AV12@II@Z 0040b290 f   vacommon:VAString.obj
 0001:0000a320       ?Remove@U16String@VA@@QAEI_W@Z 0040b320 f   vacommon:VAString.obj
 0001:0000a380       ?Replace@U16String@VA@@QAEI_W0@Z 0040b380 f   vacommon:VAString.obj
 0001:0000a3e0       ?ReverseFind@U16String@VA@@QBEH_W@Z 0040b3e0 f   vacommon:VAString.obj
 0001:0000a410       ?ReverseFind@U16String@VA@@QBEHPB_W@Z 0040b410 f   vacommon:VAString.obj
 0001:0000a440       ?ReverseFind@U16String@VA@@QBEH_WH@Z 0040b440 f   vacommon:VAString.obj
 0001:0000a4b0       ?ReverseFind@U16String@VA@@QBEHPB_WH@Z 0040b4b0 f   vacommon:VAString.obj
 0001:0000a520       ?Right@U16String@VA@@QBE?AV12@H@Z 0040b520 f   vacommon:VAString.obj
 0001:0000a570       ?SetAt@U16String@VA@@QBEXI_W@Z 0040b570 f   vacommon:VAString.obj
 0001:0000a5a0       ?TrimLeft@U16String@VA@@QAEXXZ 0040b5a0 f   vacommon:VAString.obj
 0001:0000a640       ?TrimLeft@U16String@VA@@QAEX_W@Z 0040b640 f   vacommon:VAString.obj
 0001:0000a6e0       ?TrimLeft@U16String@VA@@QAEXPB_W@Z 0040b6e0 f   vacommon:VAString.obj
 0001:0000a7a0       ?TrimRight@U16String@VA@@QAEXXZ 0040b7a0 f   vacommon:VAString.obj
 0001:0000a840       ?TrimRight@U16String@VA@@QAEX_W@Z 0040b840 f   vacommon:VAString.obj
 0001:0000a8f0       ?TrimRight@U16String@VA@@QAEXPB_W@Z 0040b8f0 f   vacommon:VAString.obj
 0001:0000a9c0       ??8VA@@YA_NABVU16String@0@0@Z 0040b9c0 f   vacommon:VAString.obj
 0001:0000a9f0       ??8VA@@YA_NABVU16String@0@PB_W@Z 0040b9f0 f   vacommon:VAString.obj
 0001:0000aa20       ??8VA@@YA_NPB_WABVU16String@0@@Z 0040ba20 f   vacommon:VAString.obj
 0001:0000aa50       ??9VA@@YA_NABVU16String@0@0@Z 0040ba50 f   vacommon:VAString.obj
 0001:0000aa80       ??9VA@@YA_NABVU16String@0@PB_W@Z 0040ba80 f   vacommon:VAString.obj
 0001:0000aab0       ??9VA@@YA_NPB_WABVU16String@0@@Z 0040bab0 f   vacommon:VAString.obj
 0001:0000aae0       ??MVA@@YA_NABVU16String@0@0@Z 0040bae0 f   vacommon:VAString.obj
 0001:0000ab10       ??MVA@@YA_NABVU16String@0@PB_W@Z 0040bb10 f   vacommon:VAString.obj
 0001:0000ab40       ??MVA@@YA_NPB_WABVU16String@0@@Z 0040bb40 f   vacommon:VAString.obj
 0001:0000ab70       ??OVA@@YA_NABVU16String@0@0@Z 0040bb70 f   vacommon:VAString.obj
 0001:0000aba0       ??OVA@@YA_NABVU16String@0@PB_W@Z 0040bba0 f   vacommon:VAString.obj
 0001:0000abd0       ??OVA@@YA_NPB_WABVU16String@0@@Z 0040bbd0 f   vacommon:VAString.obj
 0001:0000ac00       ??NVA@@YA_NABVU16String@0@0@Z 0040bc00 f   vacommon:VAString.obj
 0001:0000ac30       ??NVA@@YA_NABVU16String@0@PB_W@Z 0040bc30 f   vacommon:VAString.obj
 0001:0000ac60       ??NVA@@YA_NPB_WABVU16String@0@@Z 0040bc60 f   vacommon:VAString.obj
 0001:0000ac90       ??PVA@@YA_NABVU16String@0@0@Z 0040bc90 f   vacommon:VAString.obj
 0001:0000acc0       ??PVA@@YA_NABVU16String@0@PB_W@Z 0040bcc0 f   vacommon:VAString.obj
 0001:0000acf0       ??PVA@@YA_NPB_WABVU16String@0@@Z 0040bcf0 f   vacommon:VAString.obj
 0001:0000ad20       ??HVA@@YA?AVU16String@0@ABV10@0@Z 0040bd20 f   vacommon:VAString.obj
 0001:0000add0       ??HVA@@YA?AVU16String@0@ABV10@_W@Z 0040bdd0 f   vacommon:VAString.obj
 0001:0000ae80       ??HVA@@YA?AVU16String@0@_WABV10@@Z 0040be80 f   vacommon:VAString.obj
 0001:0000af30       ??HVA@@YA?AVU16String@0@ABV10@PB_W@Z 0040bf30 f   vacommon:VAString.obj
 0001:0000afe0       ??HVA@@YA?AVU16String@0@PB_WABV10@@Z 0040bfe0 f   vacommon:VAString.obj
 0001:0000b090       ??0U16String@VA@@QAE@ABVU8String@1@@Z 0040c090 f   vacommon:VAString.obj
 0001:0000b0d0       ??0U16String@VA@@QAE@PBD@Z 0040c0d0 f   vacommon:VAString.obj
 0001:0000b110       ?fromU8String@U16String@VA@@QAEXABVU8String@2@@Z 0040c110 f   vacommon:VAString.obj
 0001:0000b2d0       ?fromU8String@U16String@VA@@QAEXPBD@Z 0040c2d0 f   vacommon:VAString.obj
 0001:0000b480       ??4U16String@VA@@QAEABV01@ABVU8String@1@@Z 0040c480 f   vacommon:VAString.obj
 0001:0000b4b0       ??4U16String@VA@@QAEABV01@PBD@Z 0040c4b0 f   vacommon:VAString.obj
 0001:0000b4e0       ??0?$vector@V?$basic_string@DU?$char_traits@D@std@@V?$allocator@D@2@@std@@V?$allocator@V?$basic_string@DU?$char_traits@D@std@@V?$allocator@D@2@@std@@@2@@std@@QAE@XZ 0040c4e0 f i vacommon:VAString.obj
 0001:0000b550       ??0?$vector@V?$basic_string@DU?$char_traits@D@std@@V?$allocator@D@2@@std@@V?$allocator@V?$basic_string@DU?$char_traits@D@std@@V?$allocator@D@2@@std@@@2@@std@@QAE@ABV01@@Z 0040c550 f i vacommon:VAString.obj
 0001:0000b650       ??1?$vector@V?$basic_string@DU?$char_traits@D@std@@V?$allocator@D@2@@std@@V?$allocator@V?$basic_string@DU?$char_traits@D@std@@V?$allocator@D@2@@std@@@2@@std@@QAE@XZ 0040c650 f i vacommon:VAString.obj
 0001:0000b6b0       ?push_back@?$vector@V?$basic_string@DU?$char_traits@D@std@@V?$allocator@D@2@@std@@V?$allocator@V?$basic_string@DU?$char_traits@D@std@@V?$allocator@D@2@@std@@@2@@std@@QAEXABV?$basic_string@DU?$char_traits@D@std@@V?$allocator@D@2@@2@@Z 0040c6b0 f i vacommon:VAString.obj
 0001:0000b730       ?capacity@?$vector@V?$basic_string@DU?$char_traits@D@std@@V?$allocator@D@2@@std@@V?$allocator@V?$basic_string@DU?$char_traits@D@std@@V?$allocator@D@2@@std@@@2@@std@@QBEIXZ 0040c730 f i vacommon:VAString.obj
 0001:0000b770       ?begin@?$vector@V?$basic_string@DU?$char_traits@D@std@@V?$allocator@D@2@@std@@V?$allocator@V?$basic_string@DU?$char_traits@D@std@@V?$allocator@D@2@@std@@@2@@std@@QBE?AV?$_Vector_const_iterator@V?$basic_string@DU?$char_traits@D@std@@V?$allocator@D@2@@std@@V?$allocator@V?$basic_string@DU?$char_traits@D@std@@V?$allocator@D@2@@std@@@2@@2@XZ 0040c770 f i vacommon:VAString.obj
 0001:0000b7a0       ?end@?$vector@V?$basic_string@DU?$char_traits@D@std@@V?$allocator@D@2@@std@@V?$allocator@V?$basic_string@DU?$char_traits@D@std@@V?$allocator@D@2@@std@@@2@@std@@QAE?AV?$_Vector_iterator@V?$basic_string@DU?$char_traits@D@std@@V?$allocator@D@2@@std@@V?$allocator@V?$basic_string@DU?$char_traits@D@std@@V?$allocator@D@2@@std@@@2@@2@XZ 0040c7a0 f i vacommon:VAString.obj
 0001:0000b7d0       ?end@?$vector@V?$basic_string@DU?$char_traits@D@std@@V?$allocator@D@2@@std@@V?$allocator@V?$basic_string@DU?$char_traits@D@std@@V?$allocator@D@2@@std@@@2@@std@@QBE?AV?$_Vector_const_iterator@V?$basic_string@DU?$char_traits@D@std@@V?$allocator@D@2@@std@@V?$allocator@V?$basic_string@DU?$char_traits@D@std@@V?$allocator@D@2@@std@@@2@@2@XZ 0040c7d0 f i vacommon:VAString.obj
 0001:0000b800       ?size@?$vector@V?$basic_string@DU?$char_traits@D@std@@V?$allocator@D@2@@std@@V?$allocator@V?$basic_string@DU?$char_traits@D@std@@V?$allocator@D@2@@std@@@2@@std@@QBEIXZ 0040c800 f i vacommon:VAString.obj
 0001:0000b830       ?insert@?$vector@V?$basic_string@DU?$char_traits@D@std@@V?$allocator@D@2@@std@@V?$allocator@V?$basic_string@DU?$char_traits@D@std@@V?$allocator@D@2@@std@@@2@@std@@QAE?AV?$_Vector_iterator@V?$basic_string@DU?$char_traits@D@std@@V?$allocator@D@2@@std@@V?$allocator@V?$basic_string@DU?$char_traits@D@std@@V?$allocator@D@2@@std@@@2@@2@V?$_Vector_const_iterator@V?$basic_string@DU?$char_traits@D@std@@V?$allocator@D@2@@std@@V?$allocator@V?$basic_string@DU?$char_traits@D@std@@V?$allocator@D@2@@std@@@2@@2@ABV?$basic_string@DU?$char_traits@D@std@@V?$allocator@D@2@@2@@Z 0040c830 f i vacommon:VAString.obj
 0001:0000b8b0       ?_Buy@?$vector@V?$basic_string@DU?$char_traits@D@std@@V?$allocator@D@2@@std@@V?$allocator@V?$basic_string@DU?$char_traits@D@std@@V?$allocator@D@2@@std@@@2@@std@@IAE_NI@Z 0040c8b0 f i vacommon:VAString.obj
 0001:0000b940       ?_Tidy@?$vector@V?$basic_string@DU?$char_traits@D@std@@V?$allocator@D@2@@std@@V?$allocator@V?$basic_string@DU?$char_traits@D@std@@V?$allocator@D@2@@std@@@2@@std@@IAEXXZ 0040c940 f i vacommon:VAString.obj
 0001:0000b9c0       ?_Ufill@?$vector@V?$basic_string@DU?$char_traits@D@std@@V?$allocator@D@2@@std@@V?$allocator@V?$basic_string@DU?$char_traits@D@std@@V?$allocator@D@2@@std@@@2@@std@@IAEPAV?$basic_string@DU?$char_traits@D@std@@V?$allocator@D@2@@2@PAV32@IABV32@@Z 0040c9c0 f i vacommon:VAString.obj
 0001:0000ba00       ??0?$_Vector_val@V?$basic_string@DU?$char_traits@D@std@@V?$allocator@D@2@@std@@V?$allocator@V?$basic_string@DU?$char_traits@D@std@@V?$allocator@D@2@@std@@@2@@std@@IAE@V?$allocator@V?$basic_string@DU?$char_traits@D@std@@V?$allocator@D@2@@std@@@1@@Z 0040ca00 f i vacommon:VAString.obj
 0001:0000ba00       ??0?$_Deque_map@V?$basic_string@DU?$char_traits@D@std@@V?$allocator@D@2@@std@@V?$allocator@V?$basic_string@DU?$char_traits@D@std@@V?$allocator@D@2@@std@@@2@@std@@IAE@V?$allocator@V?$basic_string@DU?$char_traits@D@std@@V?$allocator@D@2@@std@@@1@@Z 0040ca00 f i vacommon:Path.obj
 0001:0000ba00       ??0?$_Vector_val@IV?$allocator@I@std@@@std@@IAE@V?$allocator@I@1@@Z 0040ca00 f i vacommon:Manip.obj
 0001:0000ba40       ??1?$_Container_base_aux_alloc_real@V?$allocator@I@std@@@std@@IAE@XZ 0040ca40 f i vacommon:Manip.obj
 0001:0000ba40       ??1?$_Container_base_aux_alloc_real@V?$allocator@V?$basic_string@DU?$char_traits@D@std@@V?$allocator@D@2@@std@@@std@@@std@@IAE@XZ 0040ca40 f i vacommon:VAString.obj
 0001:0000ba40       ??1?$_Container_base_aux_alloc_real@V?$allocator@_N@std@@@std@@IAE@XZ 0040ca40 f i vacommon:Manip.obj
 0001:0000bab0       ??1_Container_base_aux@std@@QAE@XZ 0040cab0 f i vacommon:VAString.obj
 0001:0000bad0       ?begin@?$vector@V?$basic_string@DU?$char_traits@D@std@@V?$allocator@D@2@@std@@V?$allocator@V?$basic_string@DU?$char_traits@D@std@@V?$allocator@D@2@@std@@@2@@std@@QAE?AV?$_Vector_iterator@V?$basic_string@DU?$char_traits@D@std@@V?$allocator@D@2@@std@@V?$allocator@V?$basic_string@DU?$char_traits@D@std@@V?$allocator@D@2@@std@@@2@@2@XZ 0040cad0 f i vacommon:VAString.obj
 0001:0000bb00       ?max_size@?$vector@V?$basic_string@DU?$char_traits@D@std@@V?$allocator@D@2@@std@@V?$allocator@V?$basic_string@DU?$char_traits@D@std@@V?$allocator@D@2@@std@@@2@@std@@QBEIXZ 0040cb00 f i vacommon:VAString.obj
 0001:0000bb20       ?_Destroy@?$vector@V?$basic_string@DU?$char_traits@D@std@@V?$allocator@D@2@@std@@V?$allocator@V?$basic_string@DU?$char_traits@D@std@@V?$allocator@D@2@@std@@@2@@std@@IAEXPAV?$basic_string@DU?$char_traits@D@std@@V?$allocator@D@2@@2@0@Z 0040cb20 f i vacommon:VAString.obj
 0001:0000bb50       ?_Insert_n@?$vector@V?$basic_string@DU?$char_traits@D@std@@V?$allocator@D@2@@std@@V?$allocator@V?$basic_string@DU?$char_traits@D@std@@V?$allocator@D@2@@std@@@2@@std@@IAEXV?$_Vector_const_iterator@V?$basic_string@DU?$char_traits@D@std@@V?$allocator@D@2@@std@@V?$allocator@V?$basic_string@DU?$char_traits@D@std@@V?$allocator@D@2@@std@@@2@@2@IABV?$basic_string@DU?$char_traits@D@std@@V?$allocator@D@2@@2@@Z 0040cb50 f i vacommon:VAString.obj
 0001:0000bf10       ?_Xlen@?$vector@IV?$allocator@I@std@@@std@@KAXXZ 0040cf10 f i vacommon:Manip.obj
 0001:0000bf10       ?_Xlen@?$vector@V?$basic_string@DU?$char_traits@D@std@@V?$allocator@D@2@@std@@V?$allocator@V?$basic_string@DU?$char_traits@D@std@@V?$allocator@D@2@@std@@@2@@std@@KAXXZ 0040cf10 f i vacommon:VAString.obj
 0001:0000bfa0       ??0length_error@std@@QAE@ABV?$basic_string@DU?$char_traits@D@std@@V?$allocator@D@2@@1@@Z 0040cfa0 f i vacommon:VAString.obj
 0001:0000bfd0       ??0logic_error@std@@QAE@ABV?$basic_string@DU?$char_traits@D@std@@V?$allocator@D@2@@1@@Z 0040cfd0 f i vacommon:VAString.obj
 0001:0000c050       ?what@logic_error@std@@UBEPBDXZ 0040d050 f i vacommon:VAString.obj
 0001:0000c070       ??_Elogic_error@std@@UAEPAXI@Z 0040d070 f i vacommon:VAString.obj
 0001:0000c070       ??_Glogic_error@std@@UAEPAXI@Z 0040d070 f i vacommon:VAString.obj
 0001:0000c0b0       ??1logic_error@std@@UAE@XZ 0040d0b0 f i vacommon:VAString.obj
 0001:0000c0f0       ??1length_error@std@@UAE@XZ 0040d0f0 f i vacommon:VAString.obj
 0001:0000c120       ??_Elength_error@std@@UAEPAXI@Z 0040d120 f i vacommon:VAString.obj
 0001:0000c120       ??_Glength_error@std@@UAEPAXI@Z 0040d120 f i vacommon:VAString.obj
 0001:0000c160       ??0logic_error@std@@QAE@ABV01@@Z 0040d160 f i vacommon:VAString.obj
 0001:0000c1e0       ??2@YAPAXIPAX@Z            0040d1e0 f i vacommon:VAString.obj
 0001:0000c200       ??0_Aux_cont@std@@QAE@QBV_Container_base_aux@1@@Z 0040d200 f i vacommon:VAString.obj
 0001:0000c220       ?allocate@?$allocator@V?$basic_string@DU?$char_traits@D@std@@V?$allocator@D@2@@std@@@std@@QAEPAV?$basic_string@DU?$char_traits@D@std@@V?$allocator@D@2@@2@I@Z 0040d220 f i vacommon:VAString.obj
 0001:0000c250       ??0?$_Vector_const_iterator@V?$basic_string@DU?$char_traits@D@std@@V?$allocator@D@2@@std@@V?$allocator@V?$basic_string@DU?$char_traits@D@std@@V?$allocator@D@2@@std@@@2@@std@@QAE@PAV?$basic_string@DU?$char_traits@D@std@@V?$allocator@D@2@@1@PBV_Container_base_aux@1@@Z 0040d250 f i vacommon:VAString.obj
 0001:0000c2b0       ?_Set_container@_Iterator_base_aux@std@@QAEXQBV_Container_base_aux@2@@Z 0040d2b0 f i vacommon:VAString.obj
 0001:0000c2d0       ??G?$_Vector_const_iterator@V?$basic_string@DU?$char_traits@D@std@@V?$allocator@D@2@@std@@V?$allocator@V?$basic_string@DU?$char_traits@D@std@@V?$allocator@D@2@@std@@@2@@std@@QBEHABV01@@Z 0040d2d0 f i vacommon:VAString.obj
 0001:0000c330       ?_Same_container@_Iterator_base_secure@std@@QBE_NABV12@@Z 0040d330 f i vacommon:Manip.obj
 0001:0000c330       ?_Same_container@_Iterator_base_aux@std@@QBE_NABV12@@Z 0040d330 f i vacommon:VAString.obj
 0001:0000c360       ??0?$_Vector_iterator@V?$basic_string@DU?$char_traits@D@std@@V?$allocator@D@2@@std@@V?$allocator@V?$basic_string@DU?$char_traits@D@std@@V?$allocator@D@2@@std@@@2@@std@@QAE@PAV?$basic_string@DU?$char_traits@D@std@@V?$allocator@D@2@@1@PBV_Container_base_aux@1@@Z 0040d360 f i vacommon:VAString.obj
 0001:0000c390       ??H?$_Vector_iterator@V?$basic_string@DU?$char_traits@D@std@@V?$allocator@D@2@@std@@V?$allocator@V?$basic_string@DU?$char_traits@D@std@@V?$allocator@D@2@@std@@@2@@std@@QBE?AV01@H@Z 0040d390 f i vacommon:VAString.obj
 0001:0000c3d0       ??0length_error@std@@QAE@ABV01@@Z 0040d3d0 f i vacommon:VAString.obj
 0001:0000c400       ??0_Iterator_base_aux@std@@QAE@XZ 0040d400 f i vacommon:VAString.obj
 0001:0000c420       ?max_size@?$allocator@V?$basic_string@DU?$char_traits@D@std@@V?$allocator@D@2@@std@@@std@@QBEIXZ 0040d420 f i vacommon:VAString.obj
 0001:0000c460       ?allocate@?$allocator@V_Aux_cont@std@@@std@@QAEPAV_Aux_cont@2@I@Z 0040d460 f i vacommon:VAString.obj
 0001:0000c460       ?allocate@?$allocator@PAV?$basic_string@DU?$char_traits@D@std@@V?$allocator@D@2@@std@@@std@@QAEPAPAV?$basic_string@DU?$char_traits@D@std@@V?$allocator@D@2@@2@I@Z 0040d460 f i vacommon:Path.obj
 0001:0000c460       ?allocate@?$allocator@I@std@@QAEPAII@Z 0040d460 f i vacommon:Manip.obj
 0001:0000c490       ??Y?$_Vector_iterator@V?$basic_string@DU?$char_traits@D@std@@V?$allocator@D@2@@std@@V?$allocator@V?$basic_string@DU?$char_traits@D@std@@V?$allocator@D@2@@std@@@2@@std@@QAEAAV01@H@Z 0040d490 f i vacommon:VAString.obj
 0001:0000c4c0       ??Y?$_Vector_const_iterator@V?$basic_string@DU?$char_traits@D@std@@V?$allocator@D@2@@std@@V?$allocator@V?$basic_string@DU?$char_traits@D@std@@V?$allocator@D@2@@std@@@2@@std@@QAEAAV01@H@Z 0040d4c0 f i vacommon:VAString.obj
 0001:0000c540       ?_Getmycont@_Iterator_base_aux@std@@QBEPBV_Container_base_aux@2@XZ 0040d540 f i vacommon:VAString.obj
 0001:0000c580       ?_Getcont@_Aux_cont@std@@QBEPBV_Container_base_aux@2@XZ 0040d580 f i vacommon:VAString.obj
 0001:0000c580       ??BGBKStrToU16Str@VA@@QBEPB_WXZ 0040d580 f i vacommon:VAString.obj
 0001:0000c580       ?GetBuffer@U16String@VA@@QBEPB_WXZ 0040d580 f i vacommon:VAString.obj
 0001:0000c580       ??BGBKStrToU8Str@VA@@QBEPBDXZ 0040d580 f i vacommon:VAString.obj
 0001:0000c580       ??BU32StrToU16Str@VA@@QBEPB_WXZ 0040d580 f i vacommon:VAString.obj
 0001:0000c580       ??BU8StrToU16Str@VA@@QBEPB_WXZ 0040d580 f i vacommon:VAString.obj
 0001:0000c580       ??BU8String@VA@@QBEPBEXZ   0040d580 f i vacommon:VAString.obj
 0001:0000c580       ??BU8String@VA@@QBEPAEXZ   0040d580 f i vacommon:VAString.obj
 0001:0000c580       ??BU32StrToU8Str@VA@@QBEPBDXZ 0040d580 f i vacommon:VAString.obj
 0001:0000c580       ??BU8StrToU32Str@VA@@QBEPBKXZ 0040d580 f i vacommon:VAString.obj
 0001:0000c580       ??BU8String@VA@@QBEPADXZ   0040d580 f i vacommon:VAString.obj
 0001:0000c580       ?GetBuffer@U8String@VA@@QBEPBDXZ 0040d580 f i vacommon:VAString.obj
 0001:0000c580       ??BU8StrToGBKStr@VA@@QBEPBDXZ 0040d580 f i vacommon:VAString.obj
 0001:0000c580       ??BU16StrToGBKStr@VA@@QBEPBDXZ 0040d580 f i vacommon:VAString.obj
 0001:0000c580       ??BU16String@VA@@QBEPB_WXZ 0040d580 f i vacommon:VAString.obj
 0001:0000c580       ??BU16StrToU8Str@VA@@QBEPBDXZ 0040d580 f i vacommon:VAString.obj
 0001:0000c580       ??BU8String@VA@@QBEPBDXZ   0040d580 f i vacommon:VAString.obj
 0001:0000c580       ??BU16String@VA@@QBEPA_WXZ 0040d580 f i vacommon:VAString.obj
 0001:0000c580       ??BU16StrToU32Str@VA@@QBEPBKXZ 0040d580 f i vacommon:VAString.obj
 0001:0000c5a0       ??$ustrlen@K@VA@@YAIPBK@Z  0040d5a0 f i vacommon:VAString.obj
 0001:0000c5e0       ??$?6U?$char_traits@D@std@@@std@@YAAAV?$basic_ostream@DU?$char_traits@D@std@@@0@AAV10@PBD@Z 0040d5e0 f i vacommon:VAString.obj
 0001:0000c8f0       ??0sentry@?$basic_ostream@DU?$char_traits@D@std@@@std@@QAE@AAV12@@Z 0040d8f0 f i vacommon:VAString.obj
 0001:0000c9c0       ??1sentry@?$basic_ostream@DU?$char_traits@D@std@@@std@@QAE@XZ 0040d9c0 f i vacommon:VAString.obj
 0001:0000ca30       ??Bsentry@?$basic_ostream@DU?$char_traits@D@std@@@std@@QBE_NXZ 0040da30 f i vacommon:VAString.obj
 0001:0000ca50       ??0_Sentry_base@?$basic_ostream@DU?$char_traits@D@std@@@std@@QAE@AAV12@@Z 0040da50 f i vacommon:VAString.obj
 0001:0000cab0       ??1_Sentry_base@?$basic_ostream@DU?$char_traits@D@std@@@std@@QAE@XZ 0040dab0 f i vacommon:VAString.obj
 0001:0000cb00       ??$_Ucopy@V?$_Vector_const_iterator@V?$basic_string@DU?$char_traits@D@std@@V?$allocator@D@2@@std@@V?$allocator@V?$basic_string@DU?$char_traits@D@std@@V?$allocator@D@2@@std@@@2@@std@@@?$vector@V?$basic_string@DU?$char_traits@D@std@@V?$allocator@D@2@@std@@V?$allocator@V?$basic_string@DU?$char_traits@D@std@@V?$allocator@D@2@@std@@@2@@std@@IAEPAV?$basic_string@DU?$char_traits@D@std@@V?$allocator@D@2@@1@V?$_Vector_const_iterator@V?$basic_string@DU?$char_traits@D@std@@V?$allocator@D@2@@std@@V?$allocator@V?$basic_string@DU?$char_traits@D@std@@V?$allocator@D@2@@std@@@2@@1@0PAV21@@Z 0040db00 f i vacommon:VAString.obj
 0001:0000cb40       ??$unchecked_uninitialized_fill_n@PAV?$basic_string@DU?$char_traits@D@std@@V?$allocator@D@2@@std@@IV12@V?$allocator@V?$basic_string@DU?$char_traits@D@std@@V?$allocator@D@2@@std@@@2@@stdext@@YAXPAV?$basic_string@DU?$char_traits@D@std@@V?$allocator@D@2@@std@@IABV12@AAV?$allocator@V?$basic_string@DU?$char_traits@D@std@@V?$allocator@D@2@@std@@@2@@Z 0040db40 f i vacommon:VAString.obj
 0001:0000cb90       ??$_Destroy_range@V?$allocator@V?$basic_string@DU?$char_traits@D@std@@V?$allocator@D@2@@std@@@std@@@std@@YAXPAV?$basic_string@DU?$char_traits@D@std@@V?$allocator@D@2@@0@0AAV?$allocator@V?$basic_string@DU?$char_traits@D@std@@V?$allocator@D@2@@std@@@0@@Z 0040db90 f i vacommon:VAString.obj
 0001:0000cbd0       ??$_Umove@PAV?$basic_string@DU?$char_traits@D@std@@V?$allocator@D@2@@std@@@?$vector@V?$basic_string@DU?$char_traits@D@std@@V?$allocator@D@2@@std@@V?$allocator@V?$basic_string@DU?$char_traits@D@std@@V?$allocator@D@2@@std@@@2@@std@@IAEPAV?$basic_string@DU?$char_traits@D@std@@V?$allocator@D@2@@1@PAV21@00@Z 0040dbd0 f i vacommon:VAString.obj
 0001:0000cc00       ??$fill@PAV?$basic_string@DU?$char_traits@D@std@@V?$allocator@D@2@@std@@V12@@std@@YAXPAV?$basic_string@DU?$char_traits@D@std@@V?$allocator@D@2@@0@0ABV10@@Z 0040dc00 f i vacommon:VAString.obj
 0001:0000cc40       ??$_Unchecked_move_backward@PAV?$basic_string@DU?$char_traits@D@std@@V?$allocator@D@2@@std@@PAV12@@stdext@@YAPAV?$basic_string@DU?$char_traits@D@std@@V?$allocator@D@2@@std@@PAV12@00@Z 0040dc40 f i vacommon:VAString.obj
 0001:0000ccb0       ??$_Allocate@V?$basic_string@DU?$char_traits@D@std@@V?$allocator@D@2@@std@@@std@@YAPAV?$basic_string@DU?$char_traits@D@std@@V?$allocator@D@2@@0@IPAV10@@Z 0040dcb0 f i vacommon:VAString.obj
 0001:0000cd10       ??0bad_alloc@std@@QAE@PBD@Z 0040dd10 f i vacommon:VAString.obj
 0001:0000cd40       ??1bad_alloc@std@@UAE@XZ   0040dd40 f i vacommon:VAString.obj
 0001:0000cd70       ??_Ebad_alloc@std@@UAEPAXI@Z 0040dd70 f i vacommon:VAString.obj
 0001:0000cd70       ??_Gbad_alloc@std@@UAEPAXI@Z 0040dd70 f i vacommon:VAString.obj
 0001:0000cdb0       ??$_Allocate@PAV?$basic_string@DU?$char_traits@D@std@@V?$allocator@D@2@@std@@@std@@YAPAPAV?$basic_string@DU?$char_traits@D@std@@V?$allocator@D@2@@0@IPAPAV10@@Z 0040ddb0 f i vacommon:Path.obj
 0001:0000cdb0       ??$_Allocate@I@std@@YAPAIIPAI@Z 0040ddb0 f i vacommon:Manip.obj
 0001:0000cdb0       ??$_Allocate@V_Aux_cont@std@@@std@@YAPAV_Aux_cont@0@IPAV10@@Z 0040ddb0 f i vacommon:VAString.obj
 0001:0000ce10       ??0bad_alloc@std@@QAE@ABV01@@Z 0040de10 f i vacommon:VAString.obj
 0001:0000ce40       ??$unchecked_uninitialized_copy@V?$_Vector_const_iterator@V?$basic_string@DU?$char_traits@D@std@@V?$allocator@D@2@@std@@V?$allocator@V?$basic_string@DU?$char_traits@D@std@@V?$allocator@D@2@@std@@@2@@std@@PAV?$basic_string@DU?$char_traits@D@std@@V?$allocator@D@2@@2@V?$allocator@V?$basic_string@DU?$char_traits@D@std@@V?$allocator@D@2@@std@@@2@@stdext@@YAPAV?$basic_string@DU?$char_traits@D@std@@V?$allocator@D@2@@std@@V?$_Vector_const_iterator@V?$basic_string@DU?$char_traits@D@std@@V?$allocator@D@2@@std@@V?$allocator@V?$basic_string@DU?$char_traits@D@std@@V?$allocator@D@2@@std@@@2@@2@0PAV12@AAV?$allocator@V?$basic_string@DU?$char_traits@D@std@@V?$allocator@D@2@@std@@@2@@Z 0040de40 f i vacommon:VAString.obj
 0001:0000cea0       ??$_Uninit_fill_n@PAV?$basic_string@DU?$char_traits@D@std@@V?$allocator@D@2@@std@@IV12@V?$allocator@V?$basic_string@DU?$char_traits@D@std@@V?$allocator@D@2@@std@@@2@@std@@YAXPAV?$basic_string@DU?$char_traits@D@std@@V?$allocator@D@2@@0@IABV10@AAV?$allocator@V?$basic_string@DU?$char_traits@D@std@@V?$allocator@D@2@@std@@@0@U_Nonscalar_ptr_iterator_tag@0@U_Range_checked_iterator_tag@0@@Z 0040dea0 f i vacommon:VAString.obj
 0001:0000cf60       ??$_Destroy_range@V?$allocator@V?$basic_string@DU?$char_traits@D@std@@V?$allocator@D@2@@std@@@std@@@std@@YAXPAV?$basic_string@DU?$char_traits@D@std@@V?$allocator@D@2@@0@0AAV?$allocator@V?$basic_string@DU?$char_traits@D@std@@V?$allocator@D@2@@std@@@0@U_Nonscalar_ptr_iterator_tag@0@@Z 0040df60 f i vacommon:VAString.obj
 0001:0000cfa0       ??$_Unchecked_uninitialized_move@PAV?$basic_string@DU?$char_traits@D@std@@V?$allocator@D@2@@std@@PAV12@V?$allocator@V?$basic_string@DU?$char_traits@D@std@@V?$allocator@D@2@@std@@@2@@stdext@@YAPAV?$basic_string@DU?$char_traits@D@std@@V?$allocator@D@2@@std@@PAV12@00AAV?$allocator@V?$basic_string@DU?$char_traits@D@std@@V?$allocator@D@2@@std@@@2@@Z 0040dfa0 f i vacommon:VAString.obj
 0001:0000d000       ??$_Checked_base@PAPAV?$basic_string@DU?$char_traits@D@std@@V?$allocator@D@2@@std@@@std@@YAPAPAV?$basic_string@DU?$char_traits@D@std@@V?$allocator@D@2@@0@AAPAPAV10@@Z 0040e000 f i vacommon:Path.obj
 0001:0000d000       ??$_Checked_base@PAV?$basic_string@DU?$char_traits@D@std@@V?$allocator@D@2@@std@@@std@@YAPAV?$basic_string@DU?$char_traits@D@std@@V?$allocator@D@2@@0@AAPAV10@@Z 0040e000 f i vacommon:VAString.obj
 0001:0000d000       ??$_Checked_base@PAI@std@@YAPAIAAPAI@Z 0040e000 f i vacommon:Manip.obj
 0001:0000d030       ??$_Fill@PAV?$basic_string@DU?$char_traits@D@std@@V?$allocator@D@2@@std@@V12@@std@@YAXPAV?$basic_string@DU?$char_traits@D@std@@V?$allocator@D@2@@0@0ABV10@@Z 0040e030 f i vacommon:VAString.obj
 0001:0000d070       ??$_Ptr_cat@V?$_Vector_const_iterator@V?$basic_string@DU?$char_traits@D@std@@V?$allocator@D@2@@std@@V?$allocator@V?$basic_string@DU?$char_traits@D@std@@V?$allocator@D@2@@std@@@2@@std@@PAV?$basic_string@DU?$char_traits@D@std@@V?$allocator@D@2@@2@@std@@YA?AU_Nonscalar_ptr_iterator_tag@0@AAV?$_Vector_const_iterator@V?$basic_string@DU?$char_traits@D@std@@V?$allocator@D@2@@std@@V?$allocator@V?$basic_string@DU?$char_traits@D@std@@V?$allocator@D@2@@std@@@2@@0@AAPAV?$basic_string@DU?$char_traits@D@std@@V?$allocator@D@2@@0@@Z 0040e070 f i vacommon:VAString.obj
 0001:0000d070       ??$_Ptr_cat@PAIPAI@std@@YA?AU_Scalar_ptr_iterator_tag@0@AAPAI0@Z 0040e070 f i vacommon:Manip.obj
 0001:0000d070       ??$_Ptr_cat@PAPAV?$basic_string@DU?$char_traits@D@std@@V?$allocator@D@2@@std@@PAPAV12@@std@@YA?AU_Scalar_ptr_iterator_tag@0@AAPAPAV?$basic_string@DU?$char_traits@D@std@@V?$allocator@D@2@@0@0@Z 0040e070 f i vacommon:Path.obj
 0001:0000d070       ??$_Ptr_cat@PAV?$basic_string@DU?$char_traits@D@std@@V?$allocator@D@2@@std@@PAV12@@std@@YA?AU_Nonscalar_ptr_iterator_tag@0@AAPAV?$basic_string@DU?$char_traits@D@std@@V?$allocator@D@2@@0@0@Z 0040e070 f i vacommon:VAString.obj
 0001:0000d070       ??$_Move_cat@PAV?$basic_string@DU?$char_traits@D@std@@V?$allocator@D@2@@std@@@std@@YA?AU_Swap_move_tag@0@ABQAV?$basic_string@DU?$char_traits@D@std@@V?$allocator@D@2@@0@@Z 0040e070 f i vacommon:VAString.obj
 0001:0000d090       ??$_Move_backward_opt@PAV?$basic_string@DU?$char_traits@D@std@@V?$allocator@D@2@@std@@PAV12@@std@@YAPAV?$basic_string@DU?$char_traits@D@std@@V?$allocator@D@2@@0@PAV10@00Urandom_access_iterator_tag@0@U_Swap_move_tag@0@U_Range_checked_iterator_tag@0@@Z 0040e090 f i vacommon:VAString.obj
 0001:0000d0f0       ?construct@?$allocator@V?$basic_string@DU?$char_traits@D@std@@V?$allocator@D@2@@std@@@std@@QAEXPAV?$basic_string@DU?$char_traits@D@std@@V?$allocator@D@2@@2@ABV32@@Z 0040e0f0 f i vacommon:VAString.obj
 0001:0000d120       ?destroy@?$allocator@V?$basic_string@DU?$char_traits@D@std@@V?$allocator@D@2@@std@@@std@@QAEXPAV?$basic_string@DU?$char_traits@D@std@@V?$allocator@D@2@@2@@Z 0040e120 f i vacommon:VAString.obj
 0001:0000d150       ??$_Uninit_copy@PBV?$basic_string@DU?$char_traits@D@std@@V?$allocator@D@2@@std@@PAV12@V?$allocator@V?$basic_string@DU?$char_traits@D@std@@V?$allocator@D@2@@std@@@2@@std@@YAPAV?$basic_string@DU?$char_traits@D@std@@V?$allocator@D@2@@0@PBV10@0PAV10@AAV?$allocator@V?$basic_string@DU?$char_traits@D@std@@V?$allocator@D@2@@std@@@0@U_Nonscalar_ptr_iterator_tag@0@U_Range_checked_iterator_tag@0@@Z 0040e150 f i vacommon:VAString.obj
 0001:0000d210       ??$_Uninit_move@PAV?$basic_string@DU?$char_traits@D@std@@V?$allocator@D@2@@std@@PAV12@V?$allocator@V?$basic_string@DU?$char_traits@D@std@@V?$allocator@D@2@@std@@@2@@std@@YAPAV?$basic_string@DU?$char_traits@D@std@@V?$allocator@D@2@@0@PAV10@00AAV?$allocator@V?$basic_string@DU?$char_traits@D@std@@V?$allocator@D@2@@std@@@0@U_Swap_move_tag@0@U_Range_checked_iterator_tag@0@@Z 0040e210 f i vacommon:VAString.obj
 0001:0000d310       ??$_Move_backward_opt@PAV?$basic_string@DU?$char_traits@D@std@@V?$allocator@D@2@@std@@PAV12@Uforward_iterator_tag@2@@std@@YAPAV?$basic_string@DU?$char_traits@D@std@@V?$allocator@D@2@@0@PAV10@00Uforward_iterator_tag@0@U_Swap_move_tag@0@U_Range_checked_iterator_tag@0@@Z 0040e310 f i vacommon:VAString.obj
 0001:0000d350       ??$_Construct@V?$basic_string@DU?$char_traits@D@std@@V?$allocator@D@2@@std@@V12@@std@@YAXPAV?$basic_string@DU?$char_traits@D@std@@V?$allocator@D@2@@0@ABV10@@Z 0040e350 f i vacommon:VAString.obj
 0001:0000d3e0       ??$_Destroy@V?$basic_string@DU?$char_traits@D@std@@V?$allocator@D@2@@std@@@std@@YAXPAV?$basic_string@DU?$char_traits@D@std@@V?$allocator@D@2@@0@@Z 0040e3e0 f i vacommon:VAString.obj
 0001:0000d400       ??_G?$basic_string@DU?$char_traits@D@std@@V?$allocator@D@2@@std@@QAEPAXI@Z 0040e400 f i vacommon:VAString.obj
 0001:0000d440       ??$_Checked_base@V?$_String_iterator@DU?$char_traits@D@std@@V?$allocator@D@2@@std@@U_Different_checked_iterator_base_type_tag@2@@std@@YAPADAAV?$_String_iterator@DU?$char_traits@D@std@@V?$allocator@D@2@@0@U_Different_checked_iterator_base_type_tag@0@@Z 0040e440 f i vacommon:Manip.obj
 0001:0000d440       ??$_Checked_base@V?$_Vector_iterator@V?$basic_string@DU?$char_traits@D@std@@V?$allocator@D@2@@std@@V?$allocator@V?$basic_string@DU?$char_traits@D@std@@V?$allocator@D@2@@std@@@2@@std@@U_Different_checked_iterator_base_type_tag@2@@std@@YAPAV?$basic_string@DU?$char_traits@D@std@@V?$allocator@D@2@@0@AAV?$_Vector_iterator@V?$basic_string@DU?$char_traits@D@std@@V?$allocator@D@2@@std@@V?$allocator@V?$basic_string@DU?$char_traits@D@std@@V?$allocator@D@2@@std@@@2@@0@U_Different_checked_iterator_base_type_tag@0@@Z 0040e440 f i vacommon:Path.obj
 0001:0000d440       ??$_Checked_base@V?$_Vector_const_iterator@V?$basic_string@DU?$char_traits@D@std@@V?$allocator@D@2@@std@@V?$allocator@V?$basic_string@DU?$char_traits@D@std@@V?$allocator@D@2@@std@@@2@@std@@U_Different_checked_iterator_base_type_tag@2@@std@@YAPBV?$basic_string@DU?$char_traits@D@std@@V?$allocator@D@2@@0@AAV?$_Vector_const_iterator@V?$basic_string@DU?$char_traits@D@std@@V?$allocator@D@2@@std@@V?$allocator@V?$basic_string@DU?$char_traits@D@std@@V?$allocator@D@2@@std@@@2@@0@U_Different_checked_iterator_base_type_tag@0@@Z 0040e440 f i vacommon:VAString.obj
 0001:0000d460       ??$swap@DU?$char_traits@D@std@@V?$allocator@D@2@@std@@YAXAAV?$basic_string@DU?$char_traits@D@std@@V?$allocator@D@2@@0@0@Z 0040e460 f i vacommon:VAString.obj
 0001:0000d480       ?CheckFolderExists@VA@@YA_NPBD@Z 0040e480 f   vacommon:VAFileSystem.obj
 0001:0000d5f0       ?CheckFileExists@VA@@YA_NPBD@Z 0040e5f0 f   vacommon:VAFileSystem.obj
 0001:0000d6f0       ?DeleteFolder@VA@@YA_NPBD@Z 0040e6f0 f   vacommon:VAFileSystem.obj
 0001:0000da70       ?CopyFiles@VA@@YA_NPBD00@Z 0040ea70 f   vacommon:VAFileSystem.obj
 0001:0000dee0       ?CheckFolderWritePrivilege@VA@@YA_NPBD@Z 0040eee0 f   vacommon:VAFileSystem.obj
 0001:0000dfd0       ?MakeDir@VA@@YA_NPBD@Z     0040efd0 f   vacommon:VAFileSystem.obj
 0001:0000e1f0       ?GetPathLastName@VA@@YA_NPBDPAD@Z 0040f1f0 f   vacommon:VAFileSystem.obj
 0001:0000e2e0       ?VACopyFile@VA@@YA_NPBD0@Z 0040f2e0 f   vacommon:VAFileSystem.obj
 0001:0000e4d0       ?CopyDir@VA@@YA_NPBD0@Z    0040f4d0 f   vacommon:VAFileSystem.obj
 0001:0000e870       ?NormalizePath@VA@@YA?AV?$basic_string@DU?$char_traits@D@std@@V?$allocator@D@2@@std@@PBD@Z 0040f870 f   vacommon:VAFileSystem.obj
 0001:0000e8f0       ?IsAbsolutePath@VA@@YAHPBD@Z 0040f8f0 f   vacommon:VAFileSystem.obj
 0001:0000e970       ?Pathname2Path@VA@@YA?AV?$basic_string@DU?$char_traits@D@std@@V?$allocator@D@2@@std@@PBD@Z 0040f970 f   vacommon:VAFileSystem.obj
 0001:0000ea70       ??1?$pair@V?$basic_string@DU?$char_traits@D@std@@V?$allocator@D@2@@std@@V12@@std@@QAE@XZ 0040fa70 f i vacommon:VAFileSystem.obj
 0001:0000ead0       ?Pathname2Name@VA@@YA?AV?$basic_string@DU?$char_traits@D@std@@V?$allocator@D@2@@std@@PBD@Z 0040fad0 f   vacommon:VAFileSystem.obj
 0001:0000ebd0       ?Pathname2Noextname@VA@@YA?AV?$basic_string@DU?$char_traits@D@std@@V?$allocator@D@2@@std@@PBD@Z 0040fbd0 f   vacommon:VAFileSystem.obj
 0001:0000eca0       ?IsDirExist@VA@@YAHPBD@Z   0040fca0 f   vacommon:VAFileSystem.obj
 0001:0000ece0       ?IsFileExist@VA@@YAHPBD@Z  0040fce0 f   vacommon:VAFileSystem.obj
 0001:0000ed20       ?Match_String_i@VA@@YA_NPADPBD@Z 0040fd20 f   vacommon:VAFileSystem.obj
 0001:0000ee90       ?Match_String@VA@@YA_NPBD0@Z 0040fe90 f   vacommon:VAFileSystem.obj
 0001:0000ef80       ?FindFiles@VA@@YAHPBD0AAV?$vector@V?$basic_string@DU?$char_traits@D@std@@V?$allocator@D@2@@std@@V?$allocator@V?$basic_string@DU?$char_traits@D@std@@V?$allocator@D@2@@std@@@2@@std@@_N@Z 0040ff80 f   vacommon:VAFileSystem.obj
 0001:0000f180       ?PathtoDirTree@VA@@YAHPBDAAV?$vector@V?$basic_string@DU?$char_traits@D@std@@V?$allocator@D@2@@std@@V?$allocator@V?$basic_string@DU?$char_traits@D@std@@V?$allocator@D@2@@std@@@2@@std@@@Z 00410180 f   vacommon:VAFileSystem.obj
 0001:0000f390       ?GetAppPath@VA@@YA?AV?$basic_string@DU?$char_traits@D@std@@V?$allocator@D@2@@std@@XZ 00410390 f   vacommon:VAFileSystem.obj
 0001:0000f430       ?remove@VA@@YAHPBD@Z       00410430 f   vacommon:VAFileSystem.obj
 0001:0000f480       ?move@VA@@YAHPBD0@Z        00410480 f   vacommon:VAFileSystem.obj
 0001:0000f4b0       ?IsFile@VA@@YAHPBD@Z       004104b0 f   vacommon:VAFileSystem.obj
 0001:0000f4f0       ?IsDirectory@VA@@YAHPBD@Z  004104f0 f   vacommon:VAFileSystem.obj
 0001:0000f530       ?IsSamePath@VA@@YA_NQBD0@Z 00410530 f   vacommon:VAFileSystem.obj
 0001:0000f7a0       ?GetFatherDir@VA@@YA_NPAD@Z 004107a0 f   vacommon:VAFileSystem.obj
 0001:0000f860       ??0Path@sys@@QAE@XZ        00410860 f   vacommon:Path.obj
 0001:0000f880       ??0Path@sys@@QAE@ABV01@V?$basic_string@DU?$char_traits@D@std@@V?$allocator@D@2@@std@@@Z 00410880 f   vacommon:Path.obj
 0001:0000f930       ??0Path@sys@@QAE@V?$basic_string@DU?$char_traits@D@std@@V?$allocator@D@2@@std@@0@Z 00410930 f   vacommon:Path.obj
 0001:0000f9e0       ??0Path@sys@@QAE@V?$basic_string@DU?$char_traits@D@std@@V?$allocator@D@2@@std@@@Z 004109e0 f   vacommon:Path.obj
 0001:0000fa50       ??4Path@sys@@QAEAAV01@ABV01@@Z 00410a50 f   vacommon:Path.obj
 0001:0000fa80       ??0Path@sys@@QAE@ABV01@@Z  00410a80 f   vacommon:Path.obj
 0001:0000faf0       ??1Path@sys@@QAE@XZ        00410af0 f   vacommon:Path.obj
 0001:0000fb10       ?isAbsolutePath@Path@sys@@SA_NABV?$basic_string@DU?$char_traits@D@std@@V?$allocator@D@2@@std@@@Z 00410b10 f   vacommon:Path.obj
 0001:0000fba0       ?normalizePath@Path@sys@@SA?AV?$basic_string@DU?$char_traits@D@std@@V?$allocator@D@2@@std@@ABV34@@Z 00410ba0 f   vacommon:Path.obj
 0001:00010120       ??1Tokenizer@str@@QAE@XZ   00411120 f i vacommon:Path.obj
 0001:00010140       ?joinPaths@Path@sys@@SA?AV?$basic_string@DU?$char_traits@D@std@@V?$allocator@D@2@@std@@ABV34@0@Z 00411140 f   vacommon:Path.obj
 0001:00010430       ?separate@Path@sys@@SA?AV?$vector@V?$basic_string@DU?$char_traits@D@std@@V?$allocator@D@2@@std@@V?$allocator@V?$basic_string@DU?$char_traits@D@std@@V?$allocator@D@2@@std@@@2@@std@@ABV?$basic_string@DU?$char_traits@D@std@@V?$allocator@D@2@@4@@Z 00411430 f   vacommon:Path.obj
 0001:00010650       ?split@Path@sys@@QBE?AU?$pair@V?$basic_string@DU?$char_traits@D@std@@V?$allocator@D@2@@std@@V12@@std@@XZ 00411650 f i vacommon:Path.obj
 0001:00010690       ?getPath@Path@sys@@QBE?AV?$basic_string@DU?$char_traits@D@std@@V?$allocator@D@2@@std@@XZ 00411690 f i vacommon:Path.obj
 0001:000106d0       ??4?$pair@V?$basic_string@DU?$char_traits@D@std@@V?$allocator@D@2@@std@@V12@@std@@QAEAAU01@ABU01@@Z 004116d0 f i vacommon:Path.obj
 0001:00010710       ?splitPath@Path@sys@@SA?AU?$pair@V?$basic_string@DU?$char_traits@D@std@@V?$allocator@D@2@@std@@V12@@std@@ABV?$basic_string@DU?$char_traits@D@std@@V?$allocator@D@2@@4@@Z 00411710 f   vacommon:Path.obj
 0001:00010a20       ?splitExt@Path@sys@@SA?AU?$pair@V?$basic_string@DU?$char_traits@D@std@@V?$allocator@D@2@@std@@V12@@std@@ABV?$basic_string@DU?$char_traits@D@std@@V?$allocator@D@2@@4@@Z 00411a20 f   vacommon:Path.obj
 0001:00010b80       ?basename@Path@sys@@SA?AV?$basic_string@DU?$char_traits@D@std@@V?$allocator@D@2@@std@@ABV34@_N@Z 00411b80 f   vacommon:Path.obj
 0001:00010cb0       ?splitDrive@Path@sys@@SA?AU?$pair@V?$basic_string@DU?$char_traits@D@std@@V?$allocator@D@2@@std@@V12@@std@@ABV?$basic_string@DU?$char_traits@D@std@@V?$allocator@D@2@@4@@Z 00411cb0 f   vacommon:Path.obj
 0001:00010e10       ?delimiter@Path@sys@@SAPBDXZ 00411e10 f   vacommon:Path.obj
 0001:00010e30       ?separator@Path@sys@@SAPBDXZ 00411e30 f   vacommon:Path.obj
 0001:00010e50       ??6@YAAAV?$basic_ostream@DU?$char_traits@D@std@@@std@@AAV01@ABVPath@sys@@@Z 00411e50 f   vacommon:Path.obj
 0001:00010ed0       ??5@YAAAV?$basic_istream@DU?$char_traits@D@std@@@std@@AAV01@AAVPath@sys@@@Z 00411ed0 f   vacommon:Path.obj
 0001:00010f70       ?reset@Path@sys@@QAEXV?$basic_string@DU?$char_traits@D@std@@V?$allocator@D@2@@std@@@Z 00411f70 f i vacommon:Path.obj
 0001:00010fe0       ??0?$pair@V?$basic_string@DU?$char_traits@D@std@@V?$allocator@D@2@@std@@V12@@std@@QAE@XZ 00411fe0 f i vacommon:Path.obj
 0001:00011050       ??0?$pair@V?$basic_string@DU?$char_traits@D@std@@V?$allocator@D@2@@std@@V12@@std@@QAE@ABV?$basic_string@DU?$char_traits@D@std@@V?$allocator@D@2@@1@0@Z 00412050 f i vacommon:Path.obj
 0001:000110c0       ??0?$deque@V?$basic_string@DU?$char_traits@D@std@@V?$allocator@D@2@@std@@V?$allocator@V?$basic_string@DU?$char_traits@D@std@@V?$allocator@D@2@@std@@@2@@std@@QAE@XZ 004120c0 f i vacommon:Path.obj
 0001:00011120       ??1?$deque@V?$basic_string@DU?$char_traits@D@std@@V?$allocator@D@2@@std@@V?$allocator@V?$basic_string@DU?$char_traits@D@std@@V?$allocator@D@2@@std@@@2@@std@@QAE@XZ 00412120 f i vacommon:Path.obj
 0001:00011180       ?begin@?$deque@V?$basic_string@DU?$char_traits@D@std@@V?$allocator@D@2@@std@@V?$allocator@V?$basic_string@DU?$char_traits@D@std@@V?$allocator@D@2@@std@@@2@@std@@QAE?AV?$_Deque_iterator@V?$basic_string@DU?$char_traits@D@std@@V?$allocator@D@2@@std@@V?$allocator@V?$basic_string@DU?$char_traits@D@std@@V?$allocator@D@2@@std@@@2@$00@2@XZ 00412180 f i vacommon:Path.obj
 0001:000111b0       ?end@?$deque@V?$basic_string@DU?$char_traits@D@std@@V?$allocator@D@2@@std@@V?$allocator@V?$basic_string@DU?$char_traits@D@std@@V?$allocator@D@2@@std@@@2@@std@@QAE?AV?$_Deque_iterator@V?$basic_string@DU?$char_traits@D@std@@V?$allocator@D@2@@std@@V?$allocator@V?$basic_string@DU?$char_traits@D@std@@V?$allocator@D@2@@std@@@2@$00@2@XZ 004121b0 f i vacommon:Path.obj
 0001:000111f0       ?size@?$deque@V?$basic_string@DU?$char_traits@D@std@@V?$allocator@D@2@@std@@V?$allocator@V?$basic_string@DU?$char_traits@D@std@@V?$allocator@D@2@@std@@@2@@std@@QBEIXZ 004121f0 f i vacommon:Path.obj
 0001:00011210       ?empty@?$deque@V?$basic_string@DU?$char_traits@D@std@@V?$allocator@D@2@@std@@V?$allocator@V?$basic_string@DU?$char_traits@D@std@@V?$allocator@D@2@@std@@@2@@std@@QBE_NXZ 00412210 f i vacommon:Path.obj
 0001:00011240       ?push_back@?$deque@V?$basic_string@DU?$char_traits@D@std@@V?$allocator@D@2@@std@@V?$allocator@V?$basic_string@DU?$char_traits@D@std@@V?$allocator@D@2@@std@@@2@@std@@QAEXABV?$basic_string@DU?$char_traits@D@std@@V?$allocator@D@2@@2@@Z 00412240 f i vacommon:Path.obj
 0001:00011320       ?pop_back@?$deque@V?$basic_string@DU?$char_traits@D@std@@V?$allocator@D@2@@std@@V?$allocator@V?$basic_string@DU?$char_traits@D@std@@V?$allocator@D@2@@std@@@2@@std@@QAEXXZ 00412320 f i vacommon:Path.obj
 0001:000113c0       ??D?$_Vector_iterator@V?$basic_string@DU?$char_traits@D@std@@V?$allocator@D@2@@std@@V?$allocator@V?$basic_string@DU?$char_traits@D@std@@V?$allocator@D@2@@std@@@2@@std@@QBEAAV?$basic_string@DU?$char_traits@D@std@@V?$allocator@D@2@@1@XZ 004123c0 f i vacommon:Path.obj
 0001:000113e0       ??E?$_Vector_iterator@V?$basic_string@DU?$char_traits@D@std@@V?$allocator@D@2@@std@@V?$allocator@V?$basic_string@DU?$char_traits@D@std@@V?$allocator@D@2@@std@@@2@@std@@QAEAAV01@XZ 004123e0 f i vacommon:Path.obj
 0001:00011400       ??8?$_Vector_const_iterator@V?$basic_string@DU?$char_traits@D@std@@V?$allocator@D@2@@std@@V?$allocator@V?$basic_string@DU?$char_traits@D@std@@V?$allocator@D@2@@std@@@2@@std@@QBE_NABV01@@Z 00412400 f i vacommon:Path.obj
 0001:00011400       ??8?$_Vector_const_iterator@IV?$allocator@I@std@@@std@@QBE_NABV01@@Z 00412400 f i vacommon:Manip.obj
 0001:00011450       ??9?$_Vector_const_iterator@IV?$allocator@I@std@@@std@@QBE_NABV01@@Z 00412450 f i vacommon:Manip.obj
 0001:00011450       ??9?$_Vector_const_iterator@V?$basic_string@DU?$char_traits@D@std@@V?$allocator@D@2@@std@@V?$allocator@V?$basic_string@DU?$char_traits@D@std@@V?$allocator@D@2@@std@@@2@@std@@QBE_NABV01@@Z 00412450 f i vacommon:Path.obj
 0001:00011480       ??D?$_Deque_iterator@V?$basic_string@DU?$char_traits@D@std@@V?$allocator@D@2@@std@@V?$allocator@V?$basic_string@DU?$char_traits@D@std@@V?$allocator@D@2@@std@@@2@$00@std@@QBEAAV?$basic_string@DU?$char_traits@D@std@@V?$allocator@D@2@@1@XZ 00412480 f i vacommon:Path.obj
 0001:000114a0       ??E?$_Deque_iterator@V?$basic_string@DU?$char_traits@D@std@@V?$allocator@D@2@@std@@V?$allocator@V?$basic_string@DU?$char_traits@D@std@@V?$allocator@D@2@@std@@@2@$00@std@@QAEAAV01@XZ 004124a0 f i vacommon:Path.obj
 0001:000114c0       ??E?$_Deque_iterator@V?$basic_string@DU?$char_traits@D@std@@V?$allocator@D@2@@std@@V?$allocator@V?$basic_string@DU?$char_traits@D@std@@V?$allocator@D@2@@std@@@2@$00@std@@QAE?AV01@H@Z 004124c0 f i vacommon:Path.obj
 0001:00011500       ??9?$_Deque_const_iterator@V?$basic_string@DU?$char_traits@D@std@@V?$allocator@D@2@@std@@V?$allocator@V?$basic_string@DU?$char_traits@D@std@@V?$allocator@D@2@@std@@@2@$00@std@@QBE_NABV01@@Z 00412500 f i vacommon:Path.obj
 0001:00011530       ??1?$_Deque_val@V?$basic_string@DU?$char_traits@D@std@@V?$allocator@D@2@@std@@V?$allocator@V?$basic_string@DU?$char_traits@D@std@@V?$allocator@D@2@@std@@@2@@std@@QAE@XZ 00412530 f i vacommon:Path.obj
 0001:00011550       ??1?$_Deque_map@V?$basic_string@DU?$char_traits@D@std@@V?$allocator@D@2@@std@@V?$allocator@V?$basic_string@DU?$char_traits@D@std@@V?$allocator@D@2@@std@@@2@@std@@QAE@XZ 00412550 f i vacommon:Path.obj
 0001:00011550       ??1?$_Vector_val@V?$basic_string@DU?$char_traits@D@std@@V?$allocator@D@2@@std@@V?$allocator@V?$basic_string@DU?$char_traits@D@std@@V?$allocator@D@2@@std@@@2@@std@@QAE@XZ 00412550 f i vacommon:VAString.obj
 0001:00011550       ??1?$_Vector_val@IV?$allocator@I@std@@@std@@QAE@XZ 00412550 f i vacommon:Manip.obj
 0001:00011570       ?_Growmap@?$deque@V?$basic_string@DU?$char_traits@D@std@@V?$allocator@D@2@@std@@V?$allocator@V?$basic_string@DU?$char_traits@D@std@@V?$allocator@D@2@@std@@@2@@std@@IAEXI@Z 00412570 f i vacommon:Path.obj
 0001:00011790       ?_Tidy@?$deque@V?$basic_string@DU?$char_traits@D@std@@V?$allocator@D@2@@std@@V?$allocator@V?$basic_string@DU?$char_traits@D@std@@V?$allocator@D@2@@std@@@2@@std@@IAEXXZ 00412790 f i vacommon:Path.obj
 0001:00011850       ??0?$_Deque_val@V?$basic_string@DU?$char_traits@D@std@@V?$allocator@D@2@@std@@V?$allocator@V?$basic_string@DU?$char_traits@D@std@@V?$allocator@D@2@@std@@@2@@std@@IAE@V?$allocator@V?$basic_string@DU?$char_traits@D@std@@V?$allocator@D@2@@std@@@1@@Z 00412850 f i vacommon:Path.obj
 0001:00011890       ??D?$_Vector_const_iterator@V?$basic_string@DU?$char_traits@D@std@@V?$allocator@D@2@@std@@V?$allocator@V?$basic_string@DU?$char_traits@D@std@@V?$allocator@D@2@@std@@@2@@std@@QBEABV?$basic_string@DU?$char_traits@D@std@@V?$allocator@D@2@@1@XZ 00412890 f i vacommon:Path.obj
 0001:000118e0       ??E?$_Vector_const_iterator@V?$basic_string@DU?$char_traits@D@std@@V?$allocator@D@2@@std@@V?$allocator@V?$basic_string@DU?$char_traits@D@std@@V?$allocator@D@2@@std@@@2@@std@@QAEAAV01@XZ 004128e0 f i vacommon:Path.obj
 0001:00011940       ??0?$_Deque_iterator@V?$basic_string@DU?$char_traits@D@std@@V?$allocator@D@2@@std@@V?$allocator@V?$basic_string@DU?$char_traits@D@std@@V?$allocator@D@2@@std@@@2@$00@std@@QAE@IPBV_Container_base_aux@1@@Z 00412940 f i vacommon:Path.obj
 0001:00011970       ??D?$_Deque_const_iterator@V?$basic_string@DU?$char_traits@D@std@@V?$allocator@D@2@@std@@V?$allocator@V?$basic_string@DU?$char_traits@D@std@@V?$allocator@D@2@@std@@@2@$00@std@@QBEABV?$basic_string@DU?$char_traits@D@std@@V?$allocator@D@2@@1@XZ 00412970 f i vacommon:Path.obj
 0001:00011a10       ??E?$_Deque_const_iterator@V?$basic_string@DU?$char_traits@D@std@@V?$allocator@D@2@@std@@V?$allocator@V?$basic_string@DU?$char_traits@D@std@@V?$allocator@D@2@@std@@@2@$00@std@@QAEAAV01@XZ 00412a10 f i vacommon:Path.obj
 0001:00011a90       ??8?$_Deque_const_iterator@V?$basic_string@DU?$char_traits@D@std@@V?$allocator@D@2@@std@@V?$allocator@V?$basic_string@DU?$char_traits@D@std@@V?$allocator@D@2@@std@@@2@$00@std@@QBE_NABV01@@Z 00412a90 f i vacommon:Path.obj
 0001:00011af0       ?max_size@?$deque@V?$basic_string@DU?$char_traits@D@std@@V?$allocator@D@2@@std@@V?$allocator@V?$basic_string@DU?$char_traits@D@std@@V?$allocator@D@2@@std@@@2@@std@@QBEIXZ 00412af0 f i vacommon:Path.obj
 0001:00011b10       ?_Xlen@?$deque@V?$basic_string@DU?$char_traits@D@std@@V?$allocator@D@2@@std@@V?$allocator@V?$basic_string@DU?$char_traits@D@std@@V?$allocator@D@2@@std@@@2@@std@@KAXXZ 00412b10 f i vacommon:Path.obj
 0001:00011ba0       ?destroy@?$allocator@PAV?$basic_string@DU?$char_traits@D@std@@V?$allocator@D@2@@std@@@std@@QAEXPAPAV?$basic_string@DU?$char_traits@D@std@@V?$allocator@D@2@@2@@Z 00412ba0 f i vacommon:Path.obj
 0001:00011bd0       ??0?$_Deque_const_iterator@V?$basic_string@DU?$char_traits@D@std@@V?$allocator@D@2@@std@@V?$allocator@V?$basic_string@DU?$char_traits@D@std@@V?$allocator@D@2@@std@@@2@$00@std@@QAE@IPBV_Container_base_aux@1@@Z 00412bd0 f i vacommon:Path.obj
 0001:00011c40       ??$reverse@V?$_Vector_iterator@V?$basic_string@DU?$char_traits@D@std@@V?$allocator@D@2@@std@@V?$allocator@V?$basic_string@DU?$char_traits@D@std@@V?$allocator@D@2@@std@@@2@@std@@@std@@YAXV?$_Vector_iterator@V?$basic_string@DU?$char_traits@D@std@@V?$allocator@D@2@@std@@V?$allocator@V?$basic_string@DU?$char_traits@D@std@@V?$allocator@D@2@@std@@@2@@0@0@Z 00412c40 f i vacommon:Path.obj
 0001:00011c90       ??$unchecked_uninitialized_copy@PAPAV?$basic_string@DU?$char_traits@D@std@@V?$allocator@D@2@@std@@PAPAV12@V?$allocator@PAV?$basic_string@DU?$char_traits@D@std@@V?$allocator@D@2@@std@@@2@@stdext@@YAPAPAV?$basic_string@DU?$char_traits@D@std@@V?$allocator@D@2@@std@@PAPAV12@00AAV?$allocator@PAV?$basic_string@DU?$char_traits@D@std@@V?$allocator@D@2@@std@@@2@@Z 00412c90 f i vacommon:Path.obj
 0001:00011cf0       ??$unchecked_uninitialized_fill_n@PAPAV?$basic_string@DU?$char_traits@D@std@@V?$allocator@D@2@@std@@IPAV12@V?$allocator@PAV?$basic_string@DU?$char_traits@D@std@@V?$allocator@D@2@@std@@@2@@stdext@@YAXPAPAV?$basic_string@DU?$char_traits@D@std@@V?$allocator@D@2@@std@@IABQAV12@AAV?$allocator@PAV?$basic_string@DU?$char_traits@D@std@@V?$allocator@D@2@@std@@@2@@Z 00412cf0 f i vacommon:Path.obj
 0001:00011cf0       ??$unchecked_uninitialized_fill_n@PAIIIV?$allocator@I@std@@@stdext@@YAXPAIIABIAAV?$allocator@I@std@@@Z 00412cf0 f i vacommon:Manip.obj
 0001:00011d40       ??$_Destroy_range@V?$allocator@PAV?$basic_string@DU?$char_traits@D@std@@V?$allocator@D@2@@std@@@std@@@std@@YAXPAPAV?$basic_string@DU?$char_traits@D@std@@V?$allocator@D@2@@0@0AAV?$allocator@PAV?$basic_string@DU?$char_traits@D@std@@V?$allocator@D@2@@std@@@0@@Z 00412d40 f i vacommon:Path.obj
 0001:00011d40       ??$_Destroy_range@V?$allocator@I@std@@@std@@YAXPAI0AAV?$allocator@I@0@@Z 00412d40 f i vacommon:Manip.obj
 0001:00011d80       ??$_Checked_base@V?$_Vector_iterator@V?$basic_string@DU?$char_traits@D@std@@V?$allocator@D@2@@std@@V?$allocator@V?$basic_string@DU?$char_traits@D@std@@V?$allocator@D@2@@std@@@2@@std@@@std@@YAPAV?$basic_string@DU?$char_traits@D@std@@V?$allocator@D@2@@0@AAV?$_Vector_iterator@V?$basic_string@DU?$char_traits@D@std@@V?$allocator@D@2@@std@@V?$allocator@V?$basic_string@DU?$char_traits@D@std@@V?$allocator@D@2@@std@@@2@@0@@Z 00412d80 f i vacommon:Path.obj
 0001:00011d80       ??$_Checked_base@V?$_String_iterator@DU?$char_traits@D@std@@V?$allocator@D@2@@std@@@std@@YAPADAAV?$_String_iterator@DU?$char_traits@D@std@@V?$allocator@D@2@@0@@Z 00412d80 f i vacommon:Manip.obj
 0001:00011d80       ??$_Checked_base@V?$_Vector_const_iterator@V?$basic_string@DU?$char_traits@D@std@@V?$allocator@D@2@@std@@V?$allocator@V?$basic_string@DU?$char_traits@D@std@@V?$allocator@D@2@@std@@@2@@std@@@std@@YAPBV?$basic_string@DU?$char_traits@D@std@@V?$allocator@D@2@@0@AAV?$_Vector_const_iterator@V?$basic_string@DU?$char_traits@D@std@@V?$allocator@D@2@@std@@V?$allocator@V?$basic_string@DU?$char_traits@D@std@@V?$allocator@D@2@@std@@@2@@0@@Z 00412d80 f i vacommon:VAString.obj
 0001:00011db0       ??$_Reverse@PAV?$basic_string@DU?$char_traits@D@std@@V?$allocator@D@2@@std@@@std@@YAXPAV?$basic_string@DU?$char_traits@D@std@@V?$allocator@D@2@@0@0Urandom_access_iterator_tag@0@@Z 00412db0 f i vacommon:Path.obj
 0001:00011df0       ??$_Uninit_copy@PAPAV?$basic_string@DU?$char_traits@D@std@@V?$allocator@D@2@@std@@PAPAV12@V?$allocator@PAV?$basic_string@DU?$char_traits@D@std@@V?$allocator@D@2@@std@@@2@@std@@YAPAPAV?$basic_string@DU?$char_traits@D@std@@V?$allocator@D@2@@0@PAPAV10@00AAV?$allocator@PAV?$basic_string@DU?$char_traits@D@std@@V?$allocator@D@2@@std@@@0@U_Scalar_ptr_iterator_tag@0@U_Range_checked_iterator_tag@0@@Z 00412df0 f i vacommon:Path.obj
 0001:00011e40       ??$_Uninit_fill_n@PAIIIV?$allocator@I@std@@@std@@YAXPAIIABIAAV?$allocator@I@0@U_Scalar_ptr_iterator_tag@0@U_Range_checked_iterator_tag@0@@Z 00412e40 f i vacommon:Manip.obj
 0001:00011e40       ??$_Uninit_fill_n@PAPAV?$basic_string@DU?$char_traits@D@std@@V?$allocator@D@2@@std@@IPAV12@V?$allocator@PAV?$basic_string@DU?$char_traits@D@std@@V?$allocator@D@2@@std@@@2@@std@@YAXPAPAV?$basic_string@DU?$char_traits@D@std@@V?$allocator@D@2@@0@IABQAV10@AAV?$allocator@PAV?$basic_string@DU?$char_traits@D@std@@V?$allocator@D@2@@std@@@0@U_Scalar_ptr_iterator_tag@0@U_Range_checked_iterator_tag@0@@Z 00412e40 f i vacommon:Path.obj
 0001:00011e70       ??$_Destroy@PAV?$basic_string@DU?$char_traits@D@std@@V?$allocator@D@2@@std@@@std@@YAXPAPAV?$basic_string@DU?$char_traits@D@std@@V?$allocator@D@2@@0@@Z 00412e70 f i vacommon:Path.obj
 0001:00011e70       ??$_Destroy_range@V?$allocator@I@std@@@std@@YAXPAI0AAV?$allocator@I@0@U_Scalar_ptr_iterator_tag@0@@Z 00412e70 f i vacommon:Manip.obj
 0001:00011e70       ??$_Destroy_range@V?$allocator@PAV?$basic_string@DU?$char_traits@D@std@@V?$allocator@D@2@@std@@@std@@@std@@YAXPAPAV?$basic_string@DU?$char_traits@D@std@@V?$allocator@D@2@@0@0AAV?$allocator@PAV?$basic_string@DU?$char_traits@D@std@@V?$allocator@D@2@@std@@@0@U_Scalar_ptr_iterator_tag@0@@Z 00412e70 f i vacommon:Path.obj
 0001:00011e70       ??3@YAXPAX0@Z              00412e70 f i vacommon:VAString.obj
 0001:00011e80       ??$iter_swap@PAV?$basic_string@DU?$char_traits@D@std@@V?$allocator@D@2@@std@@PAV12@@std@@YAXPAV?$basic_string@DU?$char_traits@D@std@@V?$allocator@D@2@@0@0@Z 00412e80 f i vacommon:Path.obj
 0001:00011ea0       ??$_Checked_base@PAV?$basic_string@DU?$char_traits@D@std@@V?$allocator@D@2@@std@@@std@@YAPAV?$basic_string@DU?$char_traits@D@std@@V?$allocator@D@2@@0@AAPAV10@U_Unchanged_checked_iterator_base_type_tag@0@@Z 00412ea0 f i vacommon:VAString.obj
 0001:00011ea0       ??$_Checked_base@PAI@std@@YAPAIAAPAIU_Unchanged_checked_iterator_base_type_tag@0@@Z 00412ea0 f i vacommon:Manip.obj
 0001:00011ea0       ??$_Checked_base@PAPAV?$basic_string@DU?$char_traits@D@std@@V?$allocator@D@2@@std@@@std@@YAPAPAV?$basic_string@DU?$char_traits@D@std@@V?$allocator@D@2@@0@AAPAPAV10@U_Unchanged_checked_iterator_base_type_tag@0@@Z 00412ea0 f i vacommon:Path.obj
 0001:00011ec0       ??$unchecked_fill_n@PAPAV?$basic_string@DU?$char_traits@D@std@@V?$allocator@D@2@@std@@IPAV12@@stdext@@YAXPAPAV?$basic_string@DU?$char_traits@D@std@@V?$allocator@D@2@@std@@IABQAV12@@Z 00412ec0 f i vacommon:Path.obj
 0001:00011ec0       ??$unchecked_fill_n@PAIII@stdext@@YAXPAIIABI@Z 00412ec0 f i vacommon:Manip.obj
 0001:00011f10       ??$_Iter_random@PAV?$basic_string@DU?$char_traits@D@std@@V?$allocator@D@2@@std@@PAV12@@std@@YA?AUrandom_access_iterator_tag@0@ABQAV?$basic_string@DU?$char_traits@D@std@@V?$allocator@D@2@@0@0@Z 00412f10 f i vacommon:VAString.obj
 0001:00011f10       ??$_Iter_cat@V?$_Vector_iterator@V?$basic_string@DU?$char_traits@D@std@@V?$allocator@D@2@@std@@V?$allocator@V?$basic_string@DU?$char_traits@D@std@@V?$allocator@D@2@@std@@@2@@std@@@std@@YA?AUrandom_access_iterator_tag@0@ABV?$_Vector_iterator@V?$basic_string@DU?$char_traits@D@std@@V?$allocator@D@2@@std@@V?$allocator@V?$basic_string@DU?$char_traits@D@std@@V?$allocator@D@2@@std@@@2@@0@@Z 00412f10 f i vacommon:Path.obj
 0001:00011f10       ??$_Iter_cat@PAI@std@@YA?AUrandom_access_iterator_tag@0@ABQAI@Z 00412f10 f i vacommon:Manip.obj
 0001:00011f10       ??$_Iter_random@V?$_String_iterator@DU?$char_traits@D@std@@V?$allocator@D@2@@std@@V12@@std@@YA?AUrandom_access_iterator_tag@0@ABV?$_String_iterator@DU?$char_traits@D@std@@V?$allocator@D@2@@0@0@Z 00412f10 f i vacommon:Manip.obj
 0001:00011f10       ??$_Iter_random@PAIPAI@std@@YA?AUrandom_access_iterator_tag@0@ABQAI0@Z 00412f10 f i vacommon:Manip.obj
 0001:00011f10       ??$_Iter_cat@PAPAV?$basic_string@DU?$char_traits@D@std@@V?$allocator@D@2@@std@@@std@@YA?AUrandom_access_iterator_tag@0@ABQAPAV?$basic_string@DU?$char_traits@D@std@@V?$allocator@D@2@@0@@Z 00412f10 f i vacommon:Path.obj
 0001:00011f30       ??$_Fill_n@PAIII@std@@YAXPAIIABIUrandom_access_iterator_tag@0@U_Range_checked_iterator_tag@0@@Z 00412f30 f i vacommon:Manip.obj
 0001:00011f30       ??$_Fill_n@PAPAV?$basic_string@DU?$char_traits@D@std@@V?$allocator@D@2@@std@@IPAV12@@std@@YAXPAPAV?$basic_string@DU?$char_traits@D@std@@V?$allocator@D@2@@0@IABQAV10@Urandom_access_iterator_tag@0@U_Range_checked_iterator_tag@0@@Z 00412f30 f i vacommon:Path.obj
 0001:00011f80       ??$_Fill_n@PAIII@std@@YAXPAIIABIU_Range_checked_iterator_tag@0@@Z 00412f80 f i vacommon:Manip.obj
 0001:00011f80       ??$_Fill_n@PAPAV?$basic_string@DU?$char_traits@D@std@@V?$allocator@D@2@@std@@IPAV12@@std@@YAXPAPAV?$basic_string@DU?$char_traits@D@std@@V?$allocator@D@2@@0@IABQAV10@U_Range_checked_iterator_tag@0@@Z 00412f80 f i vacommon:Path.obj
 0001:00011fc0       ?trim@str@@YAXAAV?$basic_string@DU?$char_traits@D@std@@V?$allocator@D@2@@std@@@Z 00412fc0 f   vacommon:Manip.obj
 0001:00012090       ?endsWith@str@@YA_NABV?$basic_string@DU?$char_traits@D@std@@V?$allocator@D@2@@std@@0@Z 00413090 f   vacommon:Manip.obj
 0001:00012120       ?startsWith@str@@YA_NABV?$basic_string@DU?$char_traits@D@std@@V?$allocator@D@2@@std@@0@Z 00413120 f   vacommon:Manip.obj
 0001:000121b0       ?replace@str@@YAIAAV?$basic_string@DU?$char_traits@D@std@@V?$allocator@D@2@@std@@ABV23@1I@Z 004131b0 f   vacommon:Manip.obj
 0001:00012220       ?replaceAll@str@@YAXAAV?$basic_string@DU?$char_traits@D@std@@V?$allocator@D@2@@std@@ABV23@1@Z 00413220 f   vacommon:Manip.obj
 0001:00012280       ?contains@str@@YA_NABV?$basic_string@DU?$char_traits@D@std@@V?$allocator@D@2@@std@@0@Z 00413280 f   vacommon:Manip.obj
 0001:000122b0       ?isAlpha@str@@YA_NABV?$basic_string@DU?$char_traits@D@std@@V?$allocator@D@2@@std@@@Z 004132b0 f   vacommon:Manip.obj
 0001:00012330       ?isAlphaSpace@str@@YA_NABV?$basic_string@DU?$char_traits@D@std@@V?$allocator@D@2@@std@@@Z 00413330 f   vacommon:Manip.obj
 0001:000123c0       ?isNumeric@str@@YA_NABV?$basic_string@DU?$char_traits@D@std@@V?$allocator@D@2@@std@@@Z 004133c0 f   vacommon:Manip.obj
 0001:00012440       ?isNumericSpace@str@@YA_NABV?$basic_string@DU?$char_traits@D@std@@V?$allocator@D@2@@std@@@Z 00413440 f   vacommon:Manip.obj
 0001:000124d0       ?isWhitespace@str@@YA_NABV?$basic_string@DU?$char_traits@D@std@@V?$allocator@D@2@@std@@@Z 004134d0 f   vacommon:Manip.obj
 0001:00012540       ?isAlphanumeric@str@@YA_NABV?$basic_string@DU?$char_traits@D@std@@V?$allocator@D@2@@std@@@Z 00413540 f   vacommon:Manip.obj
 0001:000125d0       ?isAsciiPrintable@str@@YA_NABV?$basic_string@DU?$char_traits@D@std@@V?$allocator@D@2@@std@@@Z 004135d0 f   vacommon:Manip.obj
 0001:00012640       ?containsOnly@str@@YA_NABV?$basic_string@DU?$char_traits@D@std@@V?$allocator@D@2@@std@@0@Z 00413640 f   vacommon:Manip.obj
 0001:00012790       ?split@str@@YA?AV?$vector@V?$basic_string@DU?$char_traits@D@std@@V?$allocator@D@2@@std@@V?$allocator@V?$basic_string@DU?$char_traits@D@std@@V?$allocator@D@2@@std@@@2@@std@@ABV?$basic_string@DU?$char_traits@D@std@@V?$allocator@D@2@@3@0I@Z 00413790 f   vacommon:Manip.obj
 0001:00012950       ?lower@str@@YAXAAV?$basic_string@DU?$char_traits@D@std@@V?$allocator@D@2@@std@@@Z 00413950 f   vacommon:Manip.obj
 0001:000129b0       ?upper@str@@YAXAAV?$basic_string@DU?$char_traits@D@std@@V?$allocator@D@2@@std@@@Z 004139b0 f   vacommon:Manip.obj
 0001:00012a10       ??D?$_String_const_iterator@DU?$char_traits@D@std@@V?$allocator@D@2@@std@@QBEABDXZ 00413a10 f i vacommon:Manip.obj
 0001:00012a70       ??E?$_String_const_iterator@DU?$char_traits@D@std@@V?$allocator@D@2@@std@@QAEAAV01@XZ 00413a70 f i vacommon:Manip.obj
 0001:00012ae0       ??9?$_String_const_iterator@DU?$char_traits@D@std@@V?$allocator@D@2@@std@@QBE_NABV01@@Z 00413ae0 f i vacommon:Manip.obj
 0001:00012b10       ??0?$vector@_NV?$allocator@_N@std@@@std@@QAE@I_N@Z 00413b10 f i vacommon:Manip.obj
 0001:00012bc0       ??1?$vector@_NV?$allocator@_N@std@@@std@@QAE@XZ 00413bc0 f i vacommon:Manip.obj
 0001:00012c30       ??A?$vector@_NV?$allocator@_N@std@@@std@@QAE?AV?$_Vb_reference@IHV?$vector@_NV?$allocator@_N@std@@@std@@@1@I@Z 00413c30 f i vacommon:Manip.obj
 0001:00012c70       ??4?$_Vb_reference@IHV?$vector@_NV?$allocator@_N@std@@@std@@@std@@QAEAAV01@_N@Z 00413c70 f i vacommon:Manip.obj
 0001:00012cd0       ??B?$_Vb_reference@IHV?$vector@_NV?$allocator@_N@std@@@std@@@std@@QBE_NXZ 00413cd0 f i vacommon:Manip.obj
 0001:00012d00       ??8?$_String_const_iterator@DU?$char_traits@D@std@@V?$allocator@D@2@@std@@QBE_NABV01@@Z 00413d00 f i vacommon:Manip.obj
[...]
 0001:00015c08       __unwindfunclet$?normalizePath@Path@sys@@SA?AV?$basic_string@DU?$char_traits@D@std@@V?$allocator@D@2@@std@@ABV34@@Z$4 00416c08 f   vacommon:Path.obj
 0001:00015c13       __unwindfunclet$?normalizePath@Path@sys@@SA?AV?$basic_string@DU?$char_traits@D@std@@V?$allocator@D@2@@std@@ABV34@@Z$5 00416c13 f   vacommon:Path.obj
 0001:00015c1e       __unwindfunclet$?normalizePath@Path@sys@@SA?AV?$basic_string@DU?$char_traits@D@std@@V?$allocator@D@2@@std@@ABV34@@Z$6 00416c1e f   vacommon:Path.obj
 0001:00015c3e       __unwindfunclet$?normalizePath@Path@sys@@SA?AV?$basic_string@DU?$char_traits@D@std@@V?$allocator@D@2@@std@@ABV34@@Z$7 00416c3e f   vacommon:Path.obj
 0001:00015c4a       __unwindfunclet$?normalizePath@Path@sys@@SA?AV?$basic_string@DU?$char_traits@D@std@@V?$allocator@D@2@@std@@ABV34@@Z$8 00416c4a f   vacommon:Path.obj
 0001:00015c6d       __ehhandler$?normalizePath@Path@sys@@SA?AV?$basic_string@DU?$char_traits@D@std@@V?$allocator@D@2@@std@@ABV34@@Z 00416c6d f   vacommon:Path.obj
 0001:00015ca0       __unwindfunclet$?joinPaths@Path@sys@@SA?AV?$basic_string@DU?$char_traits@D@std@@V?$allocator@D@2@@std@@ABV34@0@Z$0 00416ca0 f   vacommon:Path.obj
 0001:00015ca9       __unwindfunclet$?joinPaths@Path@sys@@SA?AV?$basic_string@DU?$char_traits@D@std@@V?$allocator@D@2@@std@@ABV34@0@Z$1 00416ca9 f   vacommon:Path.obj
 0001:00015ccc       __unwindfunclet$?joinPaths@Path@sys@@SA?AV?$basic_string@DU?$char_traits@D@std@@V?$allocator@D@2@@std@@ABV34@0@Z$2 00416ccc f   vacommon:Path.obj
 0001:00015cee       __unwindfunclet$?joinPaths@Path@sys@@SA?AV?$basic_string@DU?$char_traits@D@std@@V?$allocator@D@2@@std@@ABV34@0@Z$3 00416cee f   vacommon:Path.obj
 0001:00015d0e       __unwindfunclet$?joinPaths@Path@sys@@SA?AV?$basic_string@DU?$char_traits@D@std@@V?$allocator@D@2@@std@@ABV34@0@Z$4 00416d0e f   vacommon:Path.obj
 0001:00015d1a       __unwindfunclet$?joinPaths@Path@sys@@SA?AV?$basic_string@DU?$char_traits@D@std@@V?$allocator@D@2@@std@@ABV34@0@Z$5 00416d1a f   vacommon:Path.obj
 0001:00015d3d       __ehhandler$?joinPaths@Path@sys@@SA?AV?$basic_string@DU?$char_traits@D@std@@V?$allocator@D@2@@std@@ABV34@0@Z 00416d3d f   vacommon:Path.obj
 0001:00015d70       __unwindfunclet$?separate@Path@sys@@SA?AV?$vector@V?$basic_string@DU?$char_traits@D@std@@V?$allocator@D@2@@std@@V?$allocator@V?$basic_string@DU?$char_traits@D@std@@V?$allocator@D@2@@std@@@2@@std@@ABV?$basic_string@DU?$char_traits@D@std@@V?$allocator@D@2@@4@@Z$1 00416d70 f   vacommon:Path.obj
 0001:00015d78       __unwindfunclet$?separate@Path@sys@@SA?AV?$vector@V?$basic_string@DU?$char_traits@D@std@@V?$allocator@D@2@@std@@V?$allocator@V?$basic_string@DU?$char_traits@D@std@@V?$allocator@D@2@@std@@@2@@std@@ABV?$basic_string@DU?$char_traits@D@std@@V?$allocator@D@2@@4@@Z$2 00416d78 f   vacommon:Path.obj
 0001:00015d80       __unwindfunclet$?separate@Path@sys@@SA?AV?$vector@V?$basic_string@DU?$char_traits@D@std@@V?$allocator@D@2@@std@@V?$allocator@V?$basic_string@DU?$char_traits@D@std@@V?$allocator@D@2@@std@@@2@@std@@ABV?$basic_string@DU?$char_traits@D@std@@V?$allocator@D@2@@4@@Z$3 00416d80 f   vacommon:Path.obj
 0001:00015d88       __unwindfunclet$?separate@Path@sys@@SA?AV?$vector@V?$basic_string@DU?$char_traits@D@std@@V?$allocator@D@2@@std@@V?$allocator@V?$basic_string@DU?$char_traits@D@std@@V?$allocator@D@2@@std@@@2@@std@@ABV?$basic_string@DU?$char_traits@D@std@@V?$allocator@D@2@@4@@Z$4 00416d88 f   vacommon:Path.obj
 0001:00015d94       __unwindfunclet$?separate@Path@sys@@SA?AV?$vector@V?$basic_string@DU?$char_traits@D@std@@V?$allocator@D@2@@std@@V?$allocator@V?$basic_string@DU?$char_traits@D@std@@V?$allocator@D@2@@std@@@2@@std@@ABV?$basic_string@DU?$char_traits@D@std@@V?$allocator@D@2@@4@@Z$5 00416d94 f   vacommon:Path.obj
 0001:00015d9f       __unwindfunclet$?separate@Path@sys@@SA?AV?$vector@V?$basic_string@DU?$char_traits@D@std@@V?$allocator@D@2@@std@@V?$allocator@V?$basic_string@DU?$char_traits@D@std@@V?$allocator@D@2@@std@@@2@@std@@ABV?$basic_string@DU?$char_traits@D@std@@V?$allocator@D@2@@4@@Z$7 00416d9f f   vacommon:Path.obj
 0001:00015daa       __unwindfunclet$?separate@Path@sys@@SA?AV?$vector@V?$basic_string@DU?$char_traits@D@std@@V?$allocator@D@2@@std@@V?$allocator@V?$basic_string@DU?$char_traits@D@std@@V?$allocator@D@2@@std@@@2@@std@@ABV?$basic_string@DU?$char_traits@D@std@@V?$allocator@D@2@@4@@Z$8 00416daa f   vacommon:Path.obj
 0001:00015dc9       __ehhandler$?separate@Path@sys@@SA?AV?$vector@V?$basic_string@DU?$char_traits@D@std@@V?$allocator@D@2@@std@@V?$allocator@V?$basic_string@DU?$char_traits@D@std@@V?$allocator@D@2@@std@@@2@@std@@ABV?$basic_string@DU?$char_traits@D@std@@V?$allocator@D@2@@4@@Z 00416dc9 f   vacommon:Path.obj
 0001:00015e00       __unwindfunclet$?splitPath@Path@sys@@SA?AU?$pair@V?$basic_string@DU?$char_traits@D@std@@V?$allocator@D@2@@std@@V12@@std@@ABV?$basic_string@DU?$char_traits@D@std@@V?$allocator@D@2@@4@@Z$0 00416e00 f   vacommon:Path.obj
 0001:00015e09       __unwindfunclet$?splitPath@Path@sys@@SA?AU?$pair@V?$basic_string@DU?$char_traits@D@std@@V?$allocator@D@2@@std@@V12@@std@@ABV?$basic_string@DU?$char_traits@D@std@@V?$allocator@D@2@@4@@Z$1 00416e09 f   vacommon:Path.obj
 0001:00015e15       __unwindfunclet$?splitPath@Path@sys@@SA?AU?$pair@V?$basic_string@DU?$char_traits@D@std@@V?$allocator@D@2@@std@@V12@@std@@ABV?$basic_string@DU?$char_traits@D@std@@V?$allocator@D@2@@4@@Z$2 00416e15 f   vacommon:Path.obj
 0001:00015e34       __unwindfunclet$?splitPath@Path@sys@@SA?AU?$pair@V?$basic_string@DU?$char_traits@D@std@@V?$allocator@D@2@@std@@V12@@std@@ABV?$basic_string@DU?$char_traits@D@std@@V?$allocator@D@2@@4@@Z$3 00416e34 f   vacommon:Path.obj
 0001:00015e40       __unwindfunclet$?splitPath@Path@sys@@SA?AU?$pair@V?$basic_string@DU?$char_traits@D@std@@V?$allocator@D@2@@std@@V12@@std@@ABV?$basic_string@DU?$char_traits@D@std@@V?$allocator@D@2@@4@@Z$4 00416e40 f   vacommon:Path.obj
 0001:00015e49       __unwindfunclet$?splitPath@Path@sys@@SA?AU?$pair@V?$basic_string@DU?$char_traits@D@std@@V?$allocator@D@2@@std@@V12@@std@@ABV?$basic_string@DU?$char_traits@D@std@@V?$allocator@D@2@@4@@Z$5 00416e49 f   vacommon:Path.obj
 0001:00015e55       __unwindfunclet$?splitPath@Path@sys@@SA?AU?$pair@V?$basic_string@DU?$char_traits@D@std@@V?$allocator@D@2@@std@@V12@@std@@ABV?$basic_string@DU?$char_traits@D@std@@V?$allocator@D@2@@4@@Z$6 00416e55 f   vacommon:Path.obj
 0001:00015e61       __unwindfunclet$?splitPath@Path@sys@@SA?AU?$pair@V?$basic_string@DU?$char_traits@D@std@@V?$allocator@D@2@@std@@V12@@std@@ABV?$basic_string@DU?$char_traits@D@std@@V?$allocator@D@2@@4@@Z$7 00416e61 f   vacommon:Path.obj
 0001:00015e6a       __ehhandler$?splitPath@Path@sys@@SA?AU?$pair@V?$basic_string@DU?$char_traits@D@std@@V?$allocator@D@2@@std@@V12@@std@@ABV?$basic_string@DU?$char_traits@D@std@@V?$allocator@D@2@@4@@Z 00416e6a f   vacommon:Path.obj
 0001:00015ea0       __unwindfunclet$?splitDrive@Path@sys@@SA?AU?$pair@V?$basic_string@DU?$char_traits@D@std@@V?$allocator@D@2@@std@@V12@@std@@ABV?$basic_string@DU?$char_traits@D@std@@V?$allocator@D@2@@4@@Z$0 00416ea0 f   vacommon:Path.obj
 0001:00015ea0       __unwindfunclet$?splitExt@Path@sys@@SA?AU?$pair@V?$basic_string@DU?$char_traits@D@std@@V?$allocator@D@2@@std@@V12@@std@@ABV?$basic_string@DU?$char_traits@D@std@@V?$allocator@D@2@@4@@Z$0 00416ea0 f   vacommon:Path.obj
 0001:00015eac       __unwindfunclet$?splitDrive@Path@sys@@SA?AU?$pair@V?$basic_string@DU?$char_traits@D@std@@V?$allocator@D@2@@std@@V12@@std@@ABV?$basic_string@DU?$char_traits@D@std@@V?$allocator@D@2@@4@@Z$1 00416eac f   vacommon:Path.obj
 0001:00015eac       __unwindfunclet$?splitExt@Path@sys@@SA?AU?$pair@V?$basic_string@DU?$char_traits@D@std@@V?$allocator@D@2@@std@@V12@@std@@ABV?$basic_string@DU?$char_traits@D@std@@V?$allocator@D@2@@4@@Z$1 00416eac f   vacommon:Path.obj
 0001:00015ec5       __unwindfunclet$?splitExt@Path@sys@@SA?AU?$pair@V?$basic_string@DU?$char_traits@D@std@@V?$allocator@D@2@@std@@V12@@std@@ABV?$basic_string@DU?$char_traits@D@std@@V?$allocator@D@2@@4@@Z$2 00416ec5 f   vacommon:Path.obj
 0001:00015ec5       __unwindfunclet$?splitDrive@Path@sys@@SA?AU?$pair@V?$basic_string@DU?$char_traits@D@std@@V?$allocator@D@2@@std@@V12@@std@@ABV?$basic_string@DU?$char_traits@D@std@@V?$allocator@D@2@@4@@Z$2 00416ec5 f   vacommon:Path.obj
 0001:00015ed1       __unwindfunclet$?splitDrive@Path@sys@@SA?AU?$pair@V?$basic_string@DU?$char_traits@D@std@@V?$allocator@D@2@@std@@V12@@std@@ABV?$basic_string@DU?$char_traits@D@std@@V?$allocator@D@2@@4@@Z$3 00416ed1 f   vacommon:Path.obj
 0001:00015ed1       __unwindfunclet$?splitExt@Path@sys@@SA?AU?$pair@V?$basic_string@DU?$char_traits@D@std@@V?$allocator@D@2@@std@@V12@@std@@ABV?$basic_string@DU?$char_traits@D@std@@V?$allocator@D@2@@4@@Z$3 00416ed1 f   vacommon:Path.obj
 0001:00015eda       __ehhandler$?splitExt@Path@sys@@SA?AU?$pair@V?$basic_string@DU?$char_traits@D@std@@V?$allocator@D@2@@std@@V12@@std@@ABV?$basic_string@DU?$char_traits@D@std@@V?$allocator@D@2@@4@@Z 00416eda f   vacommon:Path.obj
 0001:00015eda       __ehhandler$?splitDrive@Path@sys@@SA?AU?$pair@V?$basic_string@DU?$char_traits@D@std@@V?$allocator@D@2@@std@@V12@@std@@ABV?$basic_string@DU?$char_traits@D@std@@V?$allocator@D@2@@4@@Z 00416eda f   vacommon:Path.obj
 0001:00015f00       __unwindfunclet$?basename@Path@sys@@SA?AV?$basic_string@DU?$char_traits@D@std@@V?$allocator@D@2@@std@@ABV34@_N@Z$0 00416f00 f   vacommon:Path.obj
 0001:00015f0b       __unwindfunclet$?basename@Path@sys@@SA?AV?$basic_string@DU?$char_traits@D@std@@V?$allocator@D@2@@std@@ABV34@_N@Z$1 00416f0b f   vacommon:Path.obj
 0001:00015f14       __unwindfunclet$?basename@Path@sys@@SA?AV?$basic_string@DU?$char_traits@D@std@@V?$allocator@D@2@@std@@ABV34@_N@Z$2 00416f14 f   vacommon:Path.obj
 0001:00015f1f       __unwindfunclet$?basename@Path@sys@@SA?AV?$basic_string@DU?$char_traits@D@std@@V?$allocator@D@2@@std@@ABV34@_N@Z$3 00416f1f f   vacommon:Path.obj
 0001:00015f39       __ehhandler$?basename@Path@sys@@SA?AV?$basic_string@DU?$char_traits@D@std@@V?$allocator@D@2@@std@@ABV34@_N@Z 00416f39 f   vacommon:Path.obj
 0001:00015f70       __unwindfunclet$??6@YAAAV?$basic_ostream@DU?$char_traits@D@std@@@std@@AAV01@ABVPath@sys@@@Z$0 00416f70 f   vacommon:Path.obj
 0001:00015f79       __ehhandler$??6@YAAAV?$basic_ostream@DU?$char_traits@D@std@@@std@@AAV01@ABVPath@sys@@@Z 00416f79 f   vacommon:Path.obj
 0001:00015fa0       __unwindfunclet$??5@YAAAV?$basic_istream@DU?$char_traits@D@std@@@std@@AAV01@AAVPath@sys@@@Z$0 00416fa0 f   vacommon:Path.obj
 0001:00015fa9       __ehhandler$??5@YAAAV?$basic_istream@DU?$char_traits@D@std@@@std@@AAV01@AAVPath@sys@@@Z 00416fa9 f   vacommon:Path.obj
 0001:00015fd0       __unwindfunclet$?reset@Path@sys@@QAEXV?$basic_string@DU?$char_traits@D@std@@V?$allocator@D@2@@std@@@Z$0 00416fd0 f   vacommon:Path.obj
 0001:00015fd0       __unwindfunclet$??0Path@sys@@QAE@V?$basic_string@DU?$char_traits@D@std@@V?$allocator@D@2@@std@@@Z$0 00416fd0 f   vacommon:Path.obj
 0001:00015fd9       __ehhandler$?reset@Path@sys@@QAEXV?$basic_string@DU?$char_traits@D@std@@V?$allocator@D@2@@std@@@Z 00416fd9 f   vacommon:Path.obj
 0001:00015fd9       __ehhandler$??0Path@sys@@QAE@V?$basic_string@DU?$char_traits@D@std@@V?$allocator@D@2@@std@@@Z 00416fd9 f   vacommon:Path.obj
 0001:00016000       __unwindfunclet$??0?$pair@V?$basic_string@DU?$char_traits@D@std@@V?$allocator@D@2@@std@@V12@@std@@QAE@ABV?$basic_string@DU?$char_traits@D@std@@V?$allocator@D@2@@1@0@Z$0 00417000 f   vacommon:Path.obj
 0001:00016000       __unwindfunclet$??0?$pair@V?$basic_string@DU?$char_traits@D@std@@V?$allocator@D@2@@std@@V12@@std@@QAE@XZ$0 00417000 f   vacommon:Path.obj
 0001:00016000       __unwindfunclet$??1?$pair@V?$basic_string@DU?$char_traits@D@std@@V?$allocator@D@2@@std@@V12@@std@@QAE@XZ$0 00417000 f   vacommon:Path.obj
 0001:00016000       __unwindfunclet$??0Path@sys@@QAE@ABV01@@Z$0 00417000 f   vacommon:Path.obj
 0001:00016009       __ehhandler$??0Path@sys@@QAE@ABV01@@Z 00417009 f   vacommon:Path.obj
 0001:00016009       __ehhandler$??1?$pair@V?$basic_string@DU?$char_traits@D@std@@V?$allocator@D@2@@std@@V12@@std@@QAE@XZ 00417009 f   vacommon:Path.obj
 0001:00016009       __ehhandler$??0?$pair@V?$basic_string@DU?$char_traits@D@std@@V?$allocator@D@2@@std@@V12@@std@@QAE@XZ 00417009 f   vacommon:Path.obj
 0001:00016009       __ehhandler$??0?$pair@V?$basic_string@DU?$char_traits@D@std@@V?$allocator@D@2@@std@@V12@@std@@QAE@ABV?$basic_string@DU?$char_traits@D@std@@V?$allocator@D@2@@1@0@Z 00417009 f   vacommon:Path.obj
 0001:00016030       __unwindfunclet$??1?$deque@V?$basic_string@DU?$char_traits@D@std@@V?$allocator@D@2@@std@@V?$allocator@V?$basic_string@DU?$char_traits@D@std@@V?$allocator@D@2@@std@@@2@@std@@QAE@XZ$0 00417030 f   vacommon:Path.obj
 0001:00016038       __ehhandler$??1?$deque@V?$basic_string@DU?$char_traits@D@std@@V?$allocator@D@2@@std@@V?$allocator@V?$basic_string@DU?$char_traits@D@std@@V?$allocator@D@2@@std@@@2@@std@@QAE@XZ 00417038 f   vacommon:Path.obj
 0001:00016060       __unwindfunclet$?_Xlen@?$vector@V?$basic_string@DU?$char_traits@D@std@@V?$allocator@D@2@@std@@V?$allocator@V?$basic_string@DU?$char_traits@D@std@@V?$allocator@D@2@@std@@@2@@std@@KAXXZ$0 00417060 f   vacommon:Path.obj
 0001:00016060       __unwindfunclet$?_Xlen@?$deque@V?$basic_string@DU?$char_traits@D@std@@V?$allocator@D@2@@std@@V?$allocator@V?$basic_string@DU?$char_traits@D@std@@V?$allocator@D@2@@std@@@2@@std@@KAXXZ$0 00417060 f   vacommon:Path.obj
 0001:00016060       __unwindfunclet$?_Xlen@?$vector@IV?$allocator@I@std@@@std@@KAXXZ$0 00417060 f   vacommon:Path.obj
 0001:00016069       __ehhandler$?_Xlen@?$deque@V?$basic_string@DU?$char_traits@D@std@@V?$allocator@D@2@@std@@V?$allocator@V?$basic_string@DU?$char_traits@D@std@@V?$allocator@D@2@@std@@@2@@std@@KAXXZ 00417069 f   vacommon:Path.obj
 0001:00016069       __ehhandler$?_Xlen@?$vector@IV?$allocator@I@std@@@std@@KAXXZ 00417069 f   vacommon:Path.obj
 0001:00016069       __ehhandler$?_Xlen@?$vector@V?$basic_string@DU?$char_traits@D@std@@V?$allocator@D@2@@std@@V?$allocator@V?$basic_string@DU?$char_traits@D@std@@V?$allocator@D@2@@std@@@2@@std@@KAXXZ 00417069 f   vacommon:Path.obj
 0001:00016090       __unwindfunclet$?containsOnly@str@@YA_NABV?$basic_string@DU?$char_traits@D@std@@V?$allocator@D@2@@std@@0@Z$0 00417090 f   vacommon:Manip.obj
 0001:00016098       __ehhandler$?containsOnly@str@@YA_NABV?$basic_string@DU?$char_traits@D@std@@V?$allocator@D@2@@std@@0@Z 00417098 f   vacommon:Manip.obj
 0001:000160c0       __unwindfunclet$?split@str@@YA?AV?$vector@V?$basic_string@DU?$char_traits@D@std@@V?$allocator@D@2@@std@@V?$allocator@V?$basic_string@DU?$char_traits@D@std@@V?$allocator@D@2@@std@@@2@@std@@ABV?$basic_string@DU?$char_traits@D@std@@V?$allocator@D@2@@3@0I@Z$0 004170c0 f   vacommon:Manip.obj
 0001:000160c8       __unwindfunclet$?split@str@@YA?AV?$vector@V?$basic_string@DU?$char_traits@D@std@@V?$allocator@D@2@@std@@V?$allocator@V?$basic_string@DU?$char_traits@D@std@@V?$allocator@D@2@@std@@@2@@std@@ABV?$basic_string@DU?$char_traits@D@std@@V?$allocator@D@2@@3@0I@Z$1 004170c8 f   vacommon:Manip.obj
 0001:000160d4       __unwindfunclet$?split@str@@YA?AV?$vector@V?$basic_string@DU?$char_traits@D@std@@V?$allocator@D@2@@std@@V?$allocator@V?$basic_string@DU?$char_traits@D@std@@V?$allocator@D@2@@std@@@2@@std@@ABV?$basic_string@DU?$char_traits@D@std@@V?$allocator@D@2@@3@0I@Z$2 004170d4 f   vacommon:Manip.obj
 0001:000160e0       __unwindfunclet$?split@str@@YA?AV?$vector@V?$basic_string@DU?$char_traits@D@std@@V?$allocator@D@2@@std@@V?$allocator@V?$basic_string@DU?$char_traits@D@std@@V?$allocator@D@2@@std@@@2@@std@@ABV?$basic_string@DU?$char_traits@D@std@@V?$allocator@D@2@@3@0I@Z$3 004170e0 f   vacommon:Manip.obj
 0001:000160f9       __ehhandler$?split@str@@YA?AV?$vector@V?$basic_string@DU?$char_traits@D@std@@V?$allocator@D@2@@std@@V?$allocator@V?$basic_string@DU?$char_traits@D@std@@V?$allocator@D@2@@std@@@2@@std@@ABV?$basic_string@DU?$char_traits@D@std@@V?$allocator@D@2@@3@0I@Z 004170f9 f   vacommon:Manip.obj
 0001:00016120       __unwindfunclet$??0?$vector@_NV?$allocator@_N@std@@@std@@QAE@I_N@Z$0 00417120 f   vacommon:Manip.obj
 0001:00016128       __unwindfunclet$??0?$vector@_NV?$allocator@_N@std@@@std@@QAE@I_N@Z$1 00417128 f   vacommon:Manip.obj
 0001:00016133       __ehhandler$??0?$vector@_NV?$allocator@_N@std@@@std@@QAE@I_N@Z 00417133 f   vacommon:Manip.obj
 0001:00016150       __unwindfunclet$??1?$vector@_NV?$allocator@_N@std@@@std@@QAE@XZ$0 00417150 f   vacommon:Manip.obj
 0001:00016158       __ehhandler$??1?$vector@_NV?$allocator@_N@std@@@std@@QAE@XZ 00417158 f   vacommon:Manip.obj
 0001:00016180       __unwindfunclet$??0?$_Container_base_aux_alloc_real@V?$allocator@I@std@@@std@@IAE@V?$allocator@I@1@@Z$0 00417180 f   vacommon:Manip.obj
 0001:00016180       __unwindfunclet$??0?$_Container_base_aux_alloc_real@V?$allocator@V?$basic_string@DU?$char_traits@D@std@@V?$allocator@D@2@@std@@@std@@@std@@IAE@V?$allocator@V?$basic_string@DU?$char_traits@D@std@@V?$allocator@D@2@@std@@@1@@Z$0 00417180 f   vacommon:Manip.obj
 0001:00016180       __unwindfunclet$??0?$_Container_base_aux_alloc_real@V?$allocator@_N@std@@@std@@IAE@V?$allocator@_N@1@@Z$0 00417180 f   vacommon:Manip.obj
 0001:00016188       __unwindfunclet$??0?$_Container_base_aux_alloc_real@V?$allocator@V?$basic_string@DU?$char_traits@D@std@@V?$allocator@D@2@@std@@@std@@@std@@IAE@V?$allocator@V?$basic_string@DU?$char_traits@D@std@@V?$allocator@D@2@@std@@@1@@Z$1 00417188 f   vacommon:Manip.obj
 0001:00016188       __unwindfunclet$??0?$_Container_base_aux_alloc_real@V?$allocator@_N@std@@@std@@IAE@V?$allocator@_N@1@@Z$1 00417188 f   vacommon:Manip.obj
 0001:00016188       __unwindfunclet$??0?$_Container_base_aux_alloc_real@V?$allocator@I@std@@@std@@IAE@V?$allocator@I@1@@Z$1 00417188 f   vacommon:Manip.obj
 0001:00016199       __ehhandler$??0?$_Container_base_aux_alloc_real@V?$allocator@V?$basic_string@DU?$char_traits@D@std@@V?$allocator@D@2@@std@@@std@@@std@@IAE@V?$allocator@V?$basic_string@DU?$char_traits@D@std@@V?$allocator@D@2@@std@@@1@@Z 00417199 f   vacommon:Manip.obj
 0001:00016199       __ehhandler$??0?$_Container_base_aux_alloc_real@V?$allocator@I@std@@@std@@IAE@V?$allocator@I@1@@Z 00417199 f   vacommon:Manip.obj
 0001:00016199       __ehhandler$??0?$_Container_base_aux_alloc_real@V?$allocator@_N@std@@@std@@IAE@V?$allocator@_N@1@@Z 00417199 f   vacommon:Manip.obj
 0001:000161c0       __unwindfunclet$??0?$vector@V?$basic_string@DU?$char_traits@D@std@@V?$allocator@D@2@@std@@V?$allocator@V?$basic_string@DU?$char_traits@D@std@@V?$allocator@D@2@@std@@@2@@std@@QAE@XZ$0 004171c0 f   vacommon:Manip.obj
 0001:000161c0       __unwindfunclet$??0?$vector@IV?$allocator@I@std@@@std@@QAE@IABI@Z$0 004171c0 f   vacommon:Manip.obj
 0001:000161c8       __ehhandler$??0?$vector@V?$basic_string@DU?$char_traits@D@std@@V?$allocator@D@2@@std@@V?$allocator@V?$basic_string@DU?$char_traits@D@std@@V?$allocator@D@2@@std@@@2@@std@@QAE@XZ 004171c8 f   vacommon:Manip.obj
 0001:000161c8       __ehhandler$??0?$vector@IV?$allocator@I@std@@@std@@QAE@IABI@Z 004171c8 f   vacommon:Manip.obj
 0001:000161f0       __unwindfunclet$?_Xlen@?$vector@_NV?$allocator@_N@std@@@std@@IBEXXZ$0 004171f0 f   vacommon:Manip.obj
 0001:000161f9       __ehhandler$?_Xlen@?$vector@_NV?$allocator@_N@std@@@std@@IBEXXZ 004171f9 f   vacommon:Manip.obj
 0001:00016220       __ehhandler$?_Construct_n@?$vector@IV?$allocator@I@std@@@std@@QAEXIABI@Z 00417220 f   vacommon:Manip.obj
 0001:00016240       __unwindfunclet$??0Tokenizer@str@@QAE@ABV?$basic_string@DU?$char_traits@D@std@@V?$allocator@D@2@@std@@0@Z$0 00417240 f   vacommon:Tokenizer.obj
 0001:00016248       __unwindfunclet$??0Tokenizer@str@@QAE@ABV?$basic_string@DU?$char_traits@D@std@@V?$allocator@D@2@@std@@0@Z$1 00417248 f   vacommon:Tokenizer.obj
 0001:00016251       __ehhandler$??0Tokenizer@str@@QAE@ABV?$basic_string@DU?$char_traits@D@std@@V?$allocator@D@2@@std@@0@Z 00417251 f   vacommon:Tokenizer.obj
